kotlin version: 2.2.10
error message: java.lang.OutOfMemoryError: GC overhead limit exceeded
	at java.base/java.util.Arrays.copyOf(Arrays.java:3541)
	at java.base/java.lang.AbstractStringBuilder.ensureCapacityInternal(AbstractStringBuilder.java:242)
	at java.base/java.lang.AbstractStringBuilder.append(AbstractStringBuilder.java:806)
	at java.base/java.lang.StringBuilder.append(StringBuilder.java:246)
	at org.jetbrains.kotlin.cli.common.fir.SequentialPositionFinder.readNextLine(FirDiagnosticsCompilerResultsReporter.kt:245)
	at org.jetbrains.kotlin.cli.common.fir.SequentialPositionFinder.findNextPosition(FirDiagnosticsCompilerResultsReporter.kt:209)
	at org.jetbrains.kotlin.cli.common.fir.SequentialPositionFinder.findNextPosition$default(FirDiagnosticsCompilerResultsReporter.kt:193)
	at org.jetbrains.kotlin.cli.common.fir.FirDiagnosticsCompilerResultsReporter.reportByFile(FirDiagnosticsCompilerResultsReporter.kt:71)
	at org.jetbrains.kotlin.cli.common.fir.FirDiagnosticsCompilerResultsReporter.reportToMessageCollector(FirDiagnosticsCompilerResultsReporter.kt:27)
	at org.jetbrains.kotlin.cli.pipeline.CheckCompilationErrors$CheckDiagnosticCollector.reportDiagnosticsToMessageCollector(PipelineActions.kt:39)
	at org.jetbrains.kotlin.cli.pipeline.AbstractCliPipeline.runPhasedPipeline(AbstractCliPipeline.kt:131)
	at org.jetbrains.kotlin.cli.pipeline.AbstractCliPipeline.execute(AbstractCliPipeline.kt:68)
	at org.jetbrains.kotlin.cli.jvm.K2JVMCompiler.doExecutePhased(K2JVMCompiler.kt:78)
	at org.jetbrains.kotlin.cli.jvm.K2JVMCompiler.doExecutePhased(K2JVMCompiler.kt:44)
	at org.jetbrains.kotlin.cli.common.CLICompiler.execImpl(CLICompiler.kt:90)
	at org.jetbrains.kotlin.cli.common.CLICompiler.exec(CLICompiler.kt:352)
	at org.jetbrains.kotlin.incremental.IncrementalJvmCompilerRunnerBase.runCompiler(IncrementalJvmCompilerRunnerBase.kt:175)
	at org.jetbrains.kotlin.incremental.IncrementalJvmCompilerRunnerBase.runCompiler(IncrementalJvmCompilerRunnerBase.kt:38)
	at org.jetbrains.kotlin.incremental.IncrementalCompilerRunner.doCompile(IncrementalCompilerRunner.kt:504)
	at org.jetbrains.kotlin.incremental.IncrementalCompilerRunner.compileImpl(IncrementalCompilerRunner.kt:421)
	at org.jetbrains.kotlin.incremental.IncrementalCompilerRunner.compileNonIncrementally(IncrementalCompilerRunner.kt:306)
	at org.jetbrains.kotlin.incremental.IncrementalCompilerRunner.compile(IncrementalCompilerRunner.kt:133)
	at org.jetbrains.kotlin.daemon.CompileServiceImplBase.execIncrementalCompiler(CompileServiceImpl.kt:679)
	at org.jetbrains.kotlin.daemon.CompileServiceImplBase.access$execIncrementalCompiler(CompileServiceImpl.kt:93)
	at org.jetbrains.kotlin.daemon.CompileServiceImpl.compile(CompileServiceImpl.kt:1806)
	at java.base/java.lang.invoke.LambdaForm$DMH/0x00000238010a5000.invokeInterface(LambdaForm$DMH)
	at java.base/java.lang.invoke.LambdaForm$MH/0x00000238010a9400.invoke(LambdaForm$MH)
	at java.base/java.lang.invoke.Invokers$Holder.invokeExact_MT(Invokers$Holder)
	at java.base/jdk.internal.reflect.DirectMethodHandleAccessor.invokeImpl(DirectMethodHandleAccessor.java:157)
	at java.base/jdk.internal.reflect.DirectMethodHandleAccessor.invoke(DirectMethodHandleAccessor.java:103)
	at java.base/java.lang.reflect.Method.invoke(Method.java:580)
	at java.rmi/sun.rmi.server.UnicastServerRef.dispatch(UnicastServerRef.java:360)


