kotlin version: 2.2.10
error message: org.jetbrains.kotlin.codegen.CompilationException: Back-end (JVM) Internal error: Couldn't transform method node:
flush (Landroid/content/Context;Lcom/manjugroups/m_connect/network/ApiService;Lcom/manjugroups/m_connect/auth/SessionManager;Lkotlin/jvm/functions/Function3;Lkotlin/coroutines/Continuation;)Ljava/lang/Object;:
  @Lorg/jetbrains/annotations/Nullable;() // invisible
    // annotable parameter count: 5 (visible)
    // annotable parameter count: 5 (invisible)
    @Lorg/jetbrains/annotations/NotNull;() // invisible, parameter 0
    @Lorg/jetbrains/annotations/NotNull;() // invisible, parameter 1
    @Lorg/jetbrains/annotations/NotNull;() // invisible, parameter 2
    @Lorg/jetbrains/annotations/Nullable;() // invisible, parameter 3
    @Lorg/jetbrains/annotations/NotNull;() // invisible, parameter 4
    TRYCATCHBLOCK L0 L1 L2 java/lang/Throwable
    TRYCATCHBLOCK L3 L4 L2 java/lang/Throwable
    TRYCATCHBLOCK L5 L6 L2 java/lang/Throwable
    TRYCATCHBLOCK L7 L8 L2 java/lang/Throwable
    TRYCATCHBLOCK L9 L10 L2 java/lang/Throwable
   L11
    ALOAD 5
    INSTANCEOF com/manjugroups/m_connect/ui/chat/ChatPendingQueue$flush$1
    IFEQ L12
    ALOAD 5
    CHECKCAST com/manjugroups/m_connect/ui/chat/ChatPendingQueue$flush$1
    ASTORE 17
    ALOAD 17
    GETFIELD com/manjugroups/m_connect/ui/chat/ChatPendingQueue$flush$1.label : I
    LDC -2147483648
    IAND
    IFEQ L12
    ALOAD 17
    DUP
    GETFIELD com/manjugroups/m_connect/ui/chat/ChatPendingQueue$flush$1.label : I
    LDC -2147483648
    ISUB
    PUTFIELD com/manjugroups/m_connect/ui/chat/ChatPendingQueue$flush$1.label : I
    GOTO L13
   L12
    NEW com/manjugroups/m_connect/ui/chat/ChatPendingQueue$flush$1
    DUP
    ALOAD 0
    ALOAD 5
    INVOKESPECIAL com/manjugroups/m_connect/ui/chat/ChatPendingQueue$flush$1.<init> (Lcom/manjugroups/m_connect/ui/chat/ChatPendingQueue;Lkotlin/coroutines/Continuation;)V
    ASTORE 17
   L13
    ALOAD 17
    GETFIELD com/manjugroups/m_connect/ui/chat/ChatPendingQueue$flush$1.result : Ljava/lang/Object;
    ASTORE 16
   L14
    INVOKESTATIC kotlin/coroutines/intrinsics/IntrinsicsKt.getCOROUTINE_SUSPENDED ()Ljava/lang/Object;
   L15
    LINENUMBER 70 L15
    ASTORE 18
    ALOAD 17
    GETFIELD com/manjugroups/m_connect/ui/chat/ChatPendingQueue$flush$1.label : I
    TABLESWITCH
      0: L16
      1: L17
      2: L18
      3: L19
      4: L20
      5: L21
      6: L22
      default: L23
   L16
    ALOAD 16
    INVOKESTATIC kotlin/ResultKt.throwOnFailure (Ljava/lang/Object;)V
   L24
   L25
    LINENUMBER 76 L25
    ALOAD 3
    INVOKEVIRTUAL com/manjugroups/m_connect/auth/SessionManager.isLoggedIn ()Z
    IFNE L26
    ICONST_0
    INVOKESTATIC kotlin/coroutines/jvm/internal/Boxing.boxInt (I)Ljava/lang/Integer;
    ARETURN
   L27
   L26
   L28
   L29
    LINENUMBER 77 L29
    GETSTATIC com/manjugroups/m_connect/geotrack/data/GeoTrackDatabase.Companion : Lcom/manjugroups/m_connect/geotrack/data/GeoTrackDatabase$Companion;
    ALOAD 1
    INVOKEVIRTUAL android/content/Context.getApplicationContext ()Landroid/content/Context;
    ASTORE 7
   L30
    ALOAD 7
    LDC "getApplicationContext(...)"
    INVOKESTATIC kotlin/jvm/internal/Intrinsics.checkNotNullExpressionValue (Ljava/lang/Object;Ljava/lang/String;)V
    ALOAD 7
   L31
    CHECKCAST android/content/Context
    INVOKEVIRTUAL com/manjugroups/m_connect/geotrack/data/GeoTrackDatabase$Companion.getInstance (Landroid/content/Context;)Lcom/manjugroups/m_connect/geotrack/data/GeoTrackDatabase;
   L32
    LINENUMBER 78 L32
    INVOKEVIRTUAL com/manjugroups/m_connect/geotrack/data/GeoTrackDatabase.pendingChatMessageDao ()Lcom/manjugroups/m_connect/geotrack/data/PendingChatMessageDao;
   L33
    LINENUMBER 77 L33
    ASTORE 6
   L34
   L35
    LINENUMBER 79 L35
    ALOAD 6
    ALOAD 17
    ALOAD 17
    ALOAD 1
    INVOKESTATIC kotlin/coroutines/jvm/internal/SpillingKt.nullOutSpilledVariable (Ljava/lang/Object;)Ljava/lang/Object;
    PUTFIELD com/manjugroups/m_connect/ui/chat/ChatPendingQueue$flush$1.L$0 : Ljava/lang/Object;
    ALOAD 17
    ALOAD 2
    PUTFIELD com/manjugroups/m_connect/ui/chat/ChatPendingQueue$flush$1.L$1 : Ljava/lang/Object;
    ALOAD 17
    ALOAD 3
    PUTFIELD com/manjugroups/m_connect/ui/chat/ChatPendingQueue$flush$1.L$2 : Ljava/lang/Object;
    ALOAD 17
    ALOAD 4
    PUTFIELD com/manjugroups/m_connect/ui/chat/ChatPendingQueue$flush$1.L$3 : Ljava/lang/Object;
    ALOAD 17
    ALOAD 6
    PUTFIELD com/manjugroups/m_connect/ui/chat/ChatPendingQueue$flush$1.L$4 : Ljava/lang/Object;
    ALOAD 17
    ICONST_1
    PUTFIELD com/manjugroups/m_connect/ui/chat/ChatPendingQueue$flush$1.label : I
    INVOKEINTERFACE com/manjugroups/m_connect/geotrack/data/PendingChatMessageDao.listAll (Lkotlin/coroutines/Continuation;)Ljava/lang/Object; (itf)
   L36
    DUP
    ALOAD 18
    IF_ACMPNE L37
   L38
    LINENUMBER 70 L38
    ALOAD 18
    ARETURN
   L17
    ALOAD 17
    GETFIELD com/manjugroups/m_connect/ui/chat/ChatPendingQueue$flush$1.L$4 : Ljava/lang/Object;
    CHECKCAST com/manjugroups/m_connect/geotrack/data/PendingChatMessageDao
    ASTORE 6
   L39
    ALOAD 17
    GETFIELD com/manjugroups/m_connect/ui/chat/ChatPendingQueue$flush$1.L$3 : Ljava/lang/Object;
    CHECKCAST kotlin/jvm/functions/Function3
    ASTORE 4
   L40
    ALOAD 17
    GETFIELD com/manjugroups/m_connect/ui/chat/ChatPendingQueue$flush$1.L$2 : Ljava/lang/Object;
    CHECKCAST com/manjugroups/m_connect/auth/SessionManager
    ASTORE 3
   L41
    ALOAD 17
    GETFIELD com/manjugroups/m_connect/ui/chat/ChatPendingQueue$flush$1.L$1 : Ljava/lang/Object;
    CHECKCAST com/manjugroups/m_connect/network/ApiService
    ASTORE 2
   L42
    ALOAD 17
    GETFIELD com/manjugroups/m_connect/ui/chat/ChatPendingQueue$flush$1.L$0 : Ljava/lang/Object;
    CHECKCAST android/content/Context
    ASTORE 1
   L43
   L44
    NOP
    ALOAD 16
    INVOKESTATIC kotlin/ResultKt.throwOnFailure (Ljava/lang/Object;)V
    ALOAD 16
   L37
    CHECKCAST java/util/List
    ASTORE 7
   L45
   L46
    LINENUMBER 80 L46
    ALOAD 7
    INVOKEINTERFACE java/util/List.isEmpty ()Z (itf)
    IFEQ L47
    ICONST_0
    INVOKESTATIC kotlin/coroutines/jvm/internal/Boxing.boxInt (I)Ljava/lang/Integer;
    ARETURN
   L48
   L47
   L49
   L50
    LINENUMBER 81 L50
    ICONST_0
    ISTORE 8
   L51
   L52
    LINENUMBER 82 L52
    ALOAD 7
    INVOKEINTERFACE java/util/List.iterator ()Ljava/util/Iterator; (itf)
    ASTORE 9
   L53
   L54
    ALOAD 9
    INVOKEINTERFACE java/util/Iterator.hasNext ()Z (itf)
    IFEQ L55
    ALOAD 9
    INVOKEINTERFACE java/util/Iterator.next ()Ljava/lang/Object; (itf)
    CHECKCAST com/manjugroups/m_connect/geotrack/data/PendingChatMessageEntity
    ASTORE 10
   L56
   L57
    LINENUMBER 83 L57
    ALOAD 0
    ASTORE 12
    NOP
   L58
   L59
   L0
    NOP
    GETSTATIC kotlin/Result.Companion : Lkotlin/Result$Companion;
    POP
    ALOAD 12
    CHECKCAST com/manjugroups/m_connect/ui/chat/ChatPendingQueue
    ASTORE 13
   L60
    ICONST_0
    ISTORE 14
   L61
   L62
    LINENUMBER 84 L62
    ALOAD 2
   L63
    LINENUMBER 85 L63
    ALOAD 3
    INVOKEVIRTUAL com/manjugroups/m_connect/auth/SessionManager.getBearerToken ()Ljava/lang/String;
   L64
    LINENUMBER 86 L64
    NEW com/manjugroups/m_connect/network/SendMessageRequest
    DUP
   L65
    LINENUMBER 87 L65
    ALOAD 10
    INVOKEVIRTUAL com/manjugroups/m_connect/geotrack/data/PendingChatMessageEntity.getChannelId ()Ljava/lang/String;
   L66
    LINENUMBER 88 L66
    ALOAD 10
    INVOKEVIRTUAL com/manjugroups/m_connect/geotrack/data/PendingChatMessageEntity.getConversationId ()Ljava/lang/String;
   L67
    LINENUMBER 89 L67
    ALOAD 10
    INVOKEVIRTUAL com/manjugroups/m_connect/geotrack/data/PendingChatMessageEntity.getBody ()Ljava/lang/String;
   L68
    LINENUMBER 90 L68
    ALOAD 10
    INVOKEVIRTUAL com/manjugroups/m_connect/geotrack/data/PendingChatMessageEntity.getParentMessageId ()Ljava/lang/String;
   L69
    LINENUMBER 91 L69
    INVOKESTATIC kotlin/collections/CollectionsKt.emptyList ()Ljava/util/List;
   L70
    LINENUMBER 92 L70
    INVOKESTATIC kotlin/collections/CollectionsKt.emptyList ()Ljava/util/List;
   L71
    LINENUMBER 86 L71
    INVOKESPECIAL com/manjugroups/m_connect/network/SendMessageRequest.<init> (Ljava/lang/String;Ljava/lang/String;Ljava/lang/String;Ljava/lang/String;Ljava/util/List;Ljava/util/List;)V
    ALOAD 17
   L72
    LINENUMBER 84 L72
    ALOAD 17
    ALOAD 1
    INVOKESTATIC kotlin/coroutines/jvm/internal/SpillingKt.nullOutSpilledVariable (Ljava/lang/Object;)Ljava/lang/Object;
    PUTFIELD com/manjugroups/m_connect/ui/chat/ChatPendingQueue$flush$1.L$0 : Ljava/lang/Object;
    ALOAD 17
    ALOAD 2
    PUTFIELD com/manjugroups/m_connect/ui/chat/ChatPendingQueue$flush$1.L$1 : Ljava/lang/Object;
    ALOAD 17
    ALOAD 3
    PUTFIELD com/manjugroups/m_connect/ui/chat/ChatPendingQueue$flush$1.L$2 : Ljava/lang/Object;
    ALOAD 17
    ALOAD 4
    PUTFIELD com/manjugroups/m_connect/ui/chat/ChatPendingQueue$flush$1.L$3 : Ljava/lang/Object;
    ALOAD 17
    ALOAD 6
    PUTFIELD com/manjugroups/m_connect/ui/chat/ChatPendingQueue$flush$1.L$4 : Ljava/lang/Object;
    ALOAD 17
    ALOAD 7
    INVOKESTATIC kotlin/coroutines/jvm/internal/SpillingKt.nullOutSpilledVariable (Ljava/lang/Object;)Ljava/lang/Object;
    PUTFIELD com/manjugroups/m_connect/ui/chat/ChatPendingQueue$flush$1.L$5 : Ljava/lang/Object;
    ALOAD 17
    ALOAD 9
    PUTFIELD com/manjugroups/m_connect/ui/chat/ChatPendingQueue$flush$1.L$6 : Ljava/lang/Object;
    ALOAD 17
    ALOAD 10
    PUTFIELD com/manjugroups/m_connect/ui/chat/ChatPendingQueue$flush$1.L$7 : Ljava/lang/Object;
    ALOAD 17
    ALOAD 13
    INVOKESTATIC kotlin/coroutines/jvm/internal/SpillingKt.nullOutSpilledVariable (Ljava/lang/Object;)Ljava/lang/Object;
    PUTFIELD com/manjugroups/m_connect/ui/chat/ChatPendingQueue$flush$1.L$8 : Ljava/lang/Object;
    ALOAD 17
    ACONST_NULL
    PUTFIELD com/manjugroups/m_connect/ui/chat/ChatPendingQueue$flush$1.L$9 : Ljava/lang/Object;
    ALOAD 17
    ILOAD 8
    PUTFIELD com/manjugroups/m_connect/ui/chat/ChatPendingQueue$flush$1.I$0 : I
    ALOAD 17
    ILOAD 14
    PUTFIELD com/manjugroups/m_connect/ui/chat/ChatPendingQueue$flush$1.I$1 : I
    ALOAD 17
    ICONST_2
    PUTFIELD com/manjugroups/m_connect/ui/chat/ChatPendingQueue$flush$1.label : I
    INVOKEINTERFACE com/manjugroups/m_connect/network/ApiService.sendMessage (Ljava/lang/String;Lcom/manjugroups/m_connect/network/SendMessageRequest;Lkotlin/coroutines/Continuation;)Ljava/lang/Object; (itf)
   L1
    DUP
    ALOAD 18
    IF_ACMPNE L73
   L74
    LINENUMBER 70 L74
    ALOAD 18
    ARETURN
   L18
    ALOAD 17
    GETFIELD com/manjugroups/m_connect/ui/chat/ChatPendingQueue$flush$1.I$1 : I
    ISTORE 14
   L75
    ALOAD 17
    GETFIELD com/manjugroups/m_connect/ui/chat/ChatPendingQueue$flush$1.I$0 : I
    ISTORE 8
   L76
    ALOAD 17
    GETFIELD com/manjugroups/m_connect/ui/chat/ChatPendingQueue$flush$1.L$8 : Ljava/lang/Object;
    CHECKCAST com/manjugroups/m_connect/ui/chat/ChatPendingQueue
    ASTORE 13
   L77
    ALOAD 17
    GETFIELD com/manjugroups/m_connect/ui/chat/ChatPendingQueue$flush$1.L$7 : Ljava/lang/Object;
    CHECKCAST com/manjugroups/m_connect/geotrack/data/PendingChatMessageEntity
    ASTORE 10
   L78
    ALOAD 17
    GETFIELD com/manjugroups/m_connect/ui/chat/ChatPendingQueue$flush$1.L$6 : Ljava/lang/Object;
    CHECKCAST java/util/Iterator
    ASTORE 9
    ALOAD 17
    GETFIELD com/manjugroups/m_connect/ui/chat/ChatPendingQueue$flush$1.L$5 : Ljava/lang/Object;
    CHECKCAST java/util/List
    ASTORE 7
   L79
    ALOAD 17
    GETFIELD com/manjugroups/m_connect/ui/chat/ChatPendingQueue$flush$1.L$4 : Ljava/lang/Object;
    CHECKCAST com/manjugroups/m_connect/geotrack/data/PendingChatMessageDao
    ASTORE 6
   L80
    ALOAD 17
    GETFIELD com/manjugroups/m_connect/ui/chat/ChatPendingQueue$flush$1.L$3 : Ljava/lang/Object;
    CHECKCAST kotlin/jvm/functions/Function3
    ASTORE 4
   L81
    ALOAD 17
    GETFIELD com/manjugroups/m_connect/ui/chat/ChatPendingQueue$flush$1.L$2 : Ljava/lang/Object;
    CHECKCAST com/manjugroups/m_connect/auth/SessionManager
    ASTORE 3
   L82
    ALOAD 17
    GETFIELD com/manjugroups/m_connect/ui/chat/ChatPendingQueue$flush$1.L$1 : Ljava/lang/Object;
    CHECKCAST com/manjugroups/m_connect/network/ApiService
    ASTORE 2
   L83
    ALOAD 17
    GETFIELD com/manjugroups/m_connect/ui/chat/ChatPendingQueue$flush$1.L$0 : Ljava/lang/Object;
    CHECKCAST android/content/Context
    ASTORE 1
   L84
   L3
    NOP
    ALOAD 16
    INVOKESTATIC kotlin/ResultKt.throwOnFailure (Ljava/lang/Object;)V
    ALOAD 16
   L73
    CHECKCAST com/manjugroups/m_connect/network/SendMessageResponse
    ASTORE 15
   L85
    LINENUMBER 95 L85
    ALOAD 15
    INVOKEVIRTUAL com/manjugroups/m_connect/network/SendMessageResponse.getSuccess ()Z
    IFEQ L86
   L87
    LINENUMBER 96 L87
    ALOAD 6
    ALOAD 10
    INVOKEVIRTUAL com/manjugroups/m_connect/geotrack/data/PendingChatMessageEntity.getLocalId ()Ljava/lang/String;
    ALOAD 17
    ALOAD 17
    ALOAD 1
    INVOKESTATIC kotlin/coroutines/jvm/internal/SpillingKt.nullOutSpilledVariable (Ljava/lang/Object;)Ljava/lang/Object;
    PUTFIELD com/manjugroups/m_connect/ui/chat/ChatPendingQueue$flush$1.L$0 : Ljava/lang/Object;
    ALOAD 17
    ALOAD 2
    PUTFIELD com/manjugroups/m_connect/ui/chat/ChatPendingQueue$flush$1.L$1 : Ljava/lang/Object;
    ALOAD 17
    ALOAD 3
    PUTFIELD com/manjugroups/m_connect/ui/chat/ChatPendingQueue$flush$1.L$2 : Ljava/lang/Object;
    ALOAD 17
    ALOAD 4
    PUTFIELD com/manjugroups/m_connect/ui/chat/ChatPendingQueue$flush$1.L$3 : Ljava/lang/Object;
    ALOAD 17
    ALOAD 6
    PUTFIELD com/manjugroups/m_connect/ui/chat/ChatPendingQueue$flush$1.L$4 : Ljava/lang/Object;
    ALOAD 17
    ALOAD 7
    INVOKESTATIC kotlin/coroutines/jvm/internal/SpillingKt.nullOutSpilledVariable (Ljava/lang/Object;)Ljava/lang/Object;
    PUTFIELD com/manjugroups/m_connect/ui/chat/ChatPendingQueue$flush$1.L$5 : Ljava/lang/Object;
    ALOAD 17
    ALOAD 9
    PUTFIELD com/manjugroups/m_connect/ui/chat/ChatPendingQueue$flush$1.L$6 : Ljava/lang/Object;
    ALOAD 17
    ALOAD 10
    PUTFIELD com/manjugroups/m_connect/ui/chat/ChatPendingQueue$flush$1.L$7 : Ljava/lang/Object;
    ALOAD 17
    ALOAD 13
    INVOKESTATIC kotlin/coroutines/jvm/internal/SpillingKt.nullOutSpilledVariable (Ljava/lang/Object;)Ljava/lang/Object;
    PUTFIELD com/manjugroups/m_connect/ui/chat/ChatPendingQueue$flush$1.L$8 : Ljava/lang/Object;
    ALOAD 17
    ALOAD 15
    PUTFIELD com/manjugroups/m_connect/ui/chat/ChatPendingQueue$flush$1.L$9 : Ljava/lang/Object;
    ALOAD 17
    ILOAD 8
    PUTFIELD com/manjugroups/m_connect/ui/chat/ChatPendingQueue$flush$1.I$0 : I
    ALOAD 17
    ILOAD 14
    PUTFIELD com/manjugroups/m_connect/ui/chat/ChatPendingQueue$flush$1.I$1 : I
    ALOAD 17
    ICONST_3
    PUTFIELD com/manjugroups/m_connect/ui/chat/ChatPendingQueue$flush$1.label : I
    INVOKEINTERFACE com/manjugroups/m_connect/geotrack/data/PendingChatMessageDao.deleteByLocalId (Ljava/lang/String;Lkotlin/coroutines/Continuation;)Ljava/lang/Object; (itf)
   L4
    DUP
    ALOAD 18
    IF_ACMPNE L88
   L89
    LINENUMBER 70 L89
    ALOAD 18
    ARETURN
   L19
    ALOAD 17
    GETFIELD com/manjugroups/m_connect/ui/chat/ChatPendingQueue$flush$1.I$1 : I
    ISTORE 14
   L90
    ALOAD 17
    GETFIELD com/manjugroups/m_connect/ui/chat/ChatPendingQueue$flush$1.I$0 : I
    ISTORE 8
   L91
    ALOAD 17
    GETFIELD com/manjugroups/m_connect/ui/chat/ChatPendingQueue$flush$1.L$9 : Ljava/lang/Object;
    CHECKCAST com/manjugroups/m_connect/network/SendMessageResponse
    ASTORE 15
   L92
    ALOAD 17
    GETFIELD com/manjugroups/m_connect/ui/chat/ChatPendingQueue$flush$1.L$8 : Ljava/lang/Object;
    CHECKCAST com/manjugroups/m_connect/ui/chat/ChatPendingQueue
    ASTORE 13
   L93
    ALOAD 17
    GETFIELD com/manjugroups/m_connect/ui/chat/ChatPendingQueue$flush$1.L$7 : Ljava/lang/Object;
    CHECKCAST com/manjugroups/m_connect/geotrack/data/PendingChatMessageEntity
    ASTORE 10
   L94
    ALOAD 17
    GETFIELD com/manjugroups/m_connect/ui/chat/ChatPendingQueue$flush$1.L$6 : Ljava/lang/Object;
    CHECKCAST java/util/Iterator
    ASTORE 9
    ALOAD 17
    GETFIELD com/manjugroups/m_connect/ui/chat/ChatPendingQueue$flush$1.L$5 : Ljava/lang/Object;
    CHECKCAST java/util/List
    ASTORE 7
   L95
    ALOAD 17
    GETFIELD com/manjugroups/m_connect/ui/chat/ChatPendingQueue$flush$1.L$4 : Ljava/lang/Object;
    CHECKCAST com/manjugroups/m_connect/geotrack/data/PendingChatMessageDao
    ASTORE 6
   L96
    ALOAD 17
    GETFIELD com/manjugroups/m_connect/ui/chat/ChatPendingQueue$flush$1.L$3 : Ljava/lang/Object;
    CHECKCAST kotlin/jvm/functions/Function3
    ASTORE 4
   L97
    ALOAD 17
    GETFIELD com/manjugroups/m_connect/ui/chat/ChatPendingQueue$flush$1.L$2 : Ljava/lang/Object;
    CHECKCAST com/manjugroups/m_connect/auth/SessionManager
    ASTORE 3
   L98
    ALOAD 17
    GETFIELD com/manjugroups/m_connect/ui/chat/ChatPendingQueue$flush$1.L$1 : Ljava/lang/Object;
    CHECKCAST com/manjugroups/m_connect/network/ApiService
    ASTORE 2
   L99
    ALOAD 17
    GETFIELD com/manjugroups/m_connect/ui/chat/ChatPendingQueue$flush$1.L$0 : Ljava/lang/Object;
    CHECKCAST android/content/Context
    ASTORE 1
   L100
   L5
    NOP
    ALOAD 16
    INVOKESTATIC kotlin/ResultKt.throwOnFailure (Ljava/lang/Object;)V
    ALOAD 16
   L88
    LINENUMBER 97 L88
    POP
   L101
    ALOAD 4
    IFNULL L102
    ALOAD 4
    ALOAD 10
    INVOKEVIRTUAL com/manjugroups/m_connect/geotrack/data/PendingChatMessageEntity.getLocalId ()Ljava/lang/String;
    ALOAD 15
    INVOKEVIRTUAL com/manjugroups/m_connect/network/SendMessageResponse.getMessageId ()Ljava/lang/String;
    ALOAD 17
    ALOAD 17
    ALOAD 1
    INVOKESTATIC kotlin/coroutines/jvm/internal/SpillingKt.nullOutSpilledVariable (Ljava/lang/Object;)Ljava/lang/Object;
    PUTFIELD com/manjugroups/m_connect/ui/chat/ChatPendingQueue$flush$1.L$0 : Ljava/lang/Object;
    ALOAD 17
    ALOAD 2
    PUTFIELD com/manjugroups/m_connect/ui/chat/ChatPendingQueue$flush$1.L$1 : Ljava/lang/Object;
    ALOAD 17
    ALOAD 3
    PUTFIELD com/manjugroups/m_connect/ui/chat/ChatPendingQueue$flush$1.L$2 : Ljava/lang/Object;
    ALOAD 17
    ALOAD 4
    PUTFIELD com/manjugroups/m_connect/ui/chat/ChatPendingQueue$flush$1.L$3 : Ljava/lang/Object;
    ALOAD 17
    ALOAD 6
    PUTFIELD com/manjugroups/m_connect/ui/chat/ChatPendingQueue$flush$1.L$4 : Ljava/lang/Object;
    ALOAD 17
    ALOAD 7
    INVOKESTATIC kotlin/coroutines/jvm/internal/SpillingKt.nullOutSpilledVariable (Ljava/lang/Object;)Ljava/lang/Object;
    PUTFIELD com/manjugroups/m_connect/ui/chat/ChatPendingQueue$flush$1.L$5 : Ljava/lang/Object;
    ALOAD 17
    ALOAD 9
    PUTFIELD com/manjugroups/m_connect/ui/chat/ChatPendingQueue$flush$1.L$6 : Ljava/lang/Object;
    ALOAD 17
    ALOAD 10
    PUTFIELD com/manjugroups/m_connect/ui/chat/ChatPendingQueue$flush$1.L$7 : Ljava/lang/Object;
    ALOAD 17
    ALOAD 13
    INVOKESTATIC kotlin/coroutines/jvm/internal/SpillingKt.nullOutSpilledVariable (Ljava/lang/Object;)Ljava/lang/Object;
    PUTFIELD com/manjugroups/m_connect/ui/chat/ChatPendingQueue$flush$1.L$8 : Ljava/lang/Object;
    ALOAD 17
    ALOAD 15
    INVOKESTATIC kotlin/coroutines/jvm/internal/SpillingKt.nullOutSpilledVariable (Ljava/lang/Object;)Ljava/lang/Object;
    PUTFIELD com/manjugroups/m_connect/ui/chat/ChatPendingQueue$flush$1.L$9 : Ljava/lang/Object;
    ALOAD 17
    ILOAD 8
    PUTFIELD com/manjugroups/m_connect/ui/chat/ChatPendingQueue$flush$1.I$0 : I
    ALOAD 17
    ILOAD 14
    PUTFIELD com/manjugroups/m_connect/ui/chat/ChatPendingQueue$flush$1.I$1 : I
    ALOAD 17
    ICONST_4
    PUTFIELD com/manjugroups/m_connect/ui/chat/ChatPendingQueue$flush$1.label : I
    INVOKEINTERFACE kotlin/jvm/functions/Function3.invoke (Ljava/lang/Object;Ljava/lang/Object;Ljava/lang/Object;)Ljava/lang/Object; (itf)
   L6
    DUP
    ALOAD 18
    IF_ACMPNE L103
   L104
    LINENUMBER 70 L104
    ALOAD 18
    ARETURN
   L20
    ALOAD 17
    GETFIELD com/manjugroups/m_connect/ui/chat/ChatPendingQueue$flush$1.I$1 : I
    ISTORE 14
   L105
    ALOAD 17
    GETFIELD com/manjugroups/m_connect/ui/chat/ChatPendingQueue$flush$1.I$0 : I
    ISTORE 8
   L106
    ALOAD 17
    GETFIELD com/manjugroups/m_connect/ui/chat/ChatPendingQueue$flush$1.L$9 : Ljava/lang/Object;
    CHECKCAST com/manjugroups/m_connect/network/SendMessageResponse
    ASTORE 15
   L107
    ALOAD 17
    GETFIELD com/manjugroups/m_connect/ui/chat/ChatPendingQueue$flush$1.L$8 : Ljava/lang/Object;
    CHECKCAST com/manjugroups/m_connect/ui/chat/ChatPendingQueue
    ASTORE 13
   L108
    ALOAD 17
    GETFIELD com/manjugroups/m_connect/ui/chat/ChatPendingQueue$flush$1.L$7 : Ljava/lang/Object;
    CHECKCAST com/manjugroups/m_connect/geotrack/data/PendingChatMessageEntity
    ASTORE 10
   L109
    ALOAD 17
    GETFIELD com/manjugroups/m_connect/ui/chat/ChatPendingQueue$flush$1.L$6 : Ljava/lang/Object;
    CHECKCAST java/util/Iterator
    ASTORE 9
    ALOAD 17
    GETFIELD com/manjugroups/m_connect/ui/chat/ChatPendingQueue$flush$1.L$5 : Ljava/lang/Object;
    CHECKCAST java/util/List
    ASTORE 7
   L110
    ALOAD 17
    GETFIELD com/manjugroups/m_connect/ui/chat/ChatPendingQueue$flush$1.L$4 : Ljava/lang/Object;
    CHECKCAST com/manjugroups/m_connect/geotrack/data/PendingChatMessageDao
    ASTORE 6
   L111
    ALOAD 17
    GETFIELD com/manjugroups/m_connect/ui/chat/ChatPendingQueue$flush$1.L$3 : Ljava/lang/Object;
    CHECKCAST kotlin/jvm/functions/Function3
    ASTORE 4
   L112
    ALOAD 17
    GETFIELD com/manjugroups/m_connect/ui/chat/ChatPendingQueue$flush$1.L$2 : Ljava/lang/Object;
    CHECKCAST com/manjugroups/m_connect/auth/SessionManager
    ASTORE 3
   L113
    ALOAD 17
    GETFIELD com/manjugroups/m_connect/ui/chat/ChatPendingQueue$flush$1.L$1 : Ljava/lang/Object;
    CHECKCAST com/manjugroups/m_connect/network/ApiService
    ASTORE 2
   L114
    ALOAD 17
    GETFIELD com/manjugroups/m_connect/ui/chat/ChatPendingQueue$flush$1.L$0 : Ljava/lang/Object;
    CHECKCAST android/content/Context
    ASTORE 1
   L115
   L7
    NOP
    ALOAD 16
    INVOKESTATIC kotlin/ResultKt.throwOnFailure (Ljava/lang/Object;)V
    ALOAD 16
   L103
    LINENUMBER 97 L103
    POP
    GETSTATIC kotlin/Unit.INSTANCE : Lkotlin/Unit;
    GOTO L116
   L102
    NOP
    ACONST_NULL
   L116
    POP
   L117
    LINENUMBER 98 L117
    NOP
    ICONST_1
    GOTO L118
   L86
   L119
    LINENUMBER 100 L119
    ALOAD 6
    ALOAD 10
    INVOKEVIRTUAL com/manjugroups/m_connect/geotrack/data/PendingChatMessageEntity.getLocalId ()Ljava/lang/String;
    ALOAD 15
    INVOKEVIRTUAL com/manjugroups/m_connect/network/SendMessageResponse.toString ()Ljava/lang/String;
    ALOAD 17
    ALOAD 17
    ALOAD 1
    INVOKESTATIC kotlin/coroutines/jvm/internal/SpillingKt.nullOutSpilledVariable (Ljava/lang/Object;)Ljava/lang/Object;
    PUTFIELD com/manjugroups/m_connect/ui/chat/ChatPendingQueue$flush$1.L$0 : Ljava/lang/Object;
    ALOAD 17
    ALOAD 2
    PUTFIELD com/manjugroups/m_connect/ui/chat/ChatPendingQueue$flush$1.L$1 : Ljava/lang/Object;
    ALOAD 17
    ALOAD 3
    PUTFIELD com/manjugroups/m_connect/ui/chat/ChatPendingQueue$flush$1.L$2 : Ljava/lang/Object;
    ALOAD 17
    ALOAD 4
    PUTFIELD com/manjugroups/m_connect/ui/chat/ChatPendingQueue$flush$1.L$3 : Ljava/lang/Object;
    ALOAD 17
    ALOAD 6
    PUTFIELD com/manjugroups/m_connect/ui/chat/ChatPendingQueue$flush$1.L$4 : Ljava/lang/Object;
    ALOAD 17
    ALOAD 7
    INVOKESTATIC kotlin/coroutines/jvm/internal/SpillingKt.nullOutSpilledVariable (Ljava/lang/Object;)Ljava/lang/Object;
    PUTFIELD com/manjugroups/m_connect/ui/chat/ChatPendingQueue$flush$1.L$5 : Ljava/lang/Object;
    ALOAD 17
    ALOAD 9
    PUTFIELD com/manjugroups/m_connect/ui/chat/ChatPendingQueue$flush$1.L$6 : Ljava/lang/Object;
    ALOAD 17
    ALOAD 10
    PUTFIELD com/manjugroups/m_connect/ui/chat/ChatPendingQueue$flush$1.L$7 : Ljava/lang/Object;
    ALOAD 17
    ALOAD 13
    INVOKESTATIC kotlin/coroutines/jvm/internal/SpillingKt.nullOutSpilledVariable (Ljava/lang/Object;)Ljava/lang/Object;
    PUTFIELD com/manjugroups/m_connect/ui/chat/ChatPendingQueue$flush$1.L$8 : Ljava/lang/Object;
    ALOAD 17
    ALOAD 15
    INVOKESTATIC kotlin/coroutines/jvm/internal/SpillingKt.nullOutSpilledVariable (Ljava/lang/Object;)Ljava/lang/Object;
    PUTFIELD com/manjugroups/m_connect/ui/chat/ChatPendingQueue$flush$1.L$9 : Ljava/lang/Object;
    ALOAD 17
    ILOAD 8
    PUTFIELD com/manjugroups/m_connect/ui/chat/ChatPendingQueue$flush$1.I$0 : I
    ALOAD 17
    ILOAD 14
    PUTFIELD com/manjugroups/m_connect/ui/chat/ChatPendingQueue$flush$1.I$1 : I
    ALOAD 17
    ICONST_5
    PUTFIELD com/manjugroups/m_connect/ui/chat/ChatPendingQueue$flush$1.label : I
    INVOKEINTERFACE com/manjugroups/m_connect/geotrack/data/PendingChatMessageDao.bumpAttempt (Ljava/lang/String;Ljava/lang/String;Lkotlin/coroutines/Continuation;)Ljava/lang/Object; (itf)
   L8
    DUP
    ALOAD 18
    IF_ACMPNE L120
   L121
    LINENUMBER 70 L121
    ALOAD 18
    ARETURN
   L21
    ALOAD 17
    GETFIELD com/manjugroups/m_connect/ui/chat/ChatPendingQueue$flush$1.I$1 : I
    ISTORE 14
   L122
    ALOAD 17
    GETFIELD com/manjugroups/m_connect/ui/chat/ChatPendingQueue$flush$1.I$0 : I
    ISTORE 8
   L123
    ALOAD 17
    GETFIELD com/manjugroups/m_connect/ui/chat/ChatPendingQueue$flush$1.L$9 : Ljava/lang/Object;
    CHECKCAST com/manjugroups/m_connect/network/SendMessageResponse
    ASTORE 15
   L124
    ALOAD 17
    GETFIELD com/manjugroups/m_connect/ui/chat/ChatPendingQueue$flush$1.L$8 : Ljava/lang/Object;
    CHECKCAST com/manjugroups/m_connect/ui/chat/ChatPendingQueue
    ASTORE 13
   L125
    ALOAD 17
    GETFIELD com/manjugroups/m_connect/ui/chat/ChatPendingQueue$flush$1.L$7 : Ljava/lang/Object;
    CHECKCAST com/manjugroups/m_connect/geotrack/data/PendingChatMessageEntity
    ASTORE 10
   L126
    ALOAD 17
    GETFIELD com/manjugroups/m_connect/ui/chat/ChatPendingQueue$flush$1.L$6 : Ljava/lang/Object;
    CHECKCAST java/util/Iterator
    ASTORE 9
    ALOAD 17
    GETFIELD com/manjugroups/m_connect/ui/chat/ChatPendingQueue$flush$1.L$5 : Ljava/lang/Object;
    CHECKCAST java/util/List
    ASTORE 7
   L127
    ALOAD 17
    GETFIELD com/manjugroups/m_connect/ui/chat/ChatPendingQueue$flush$1.L$4 : Ljava/lang/Object;
    CHECKCAST com/manjugroups/m_connect/geotrack/data/PendingChatMessageDao
    ASTORE 6
   L128
    ALOAD 17
    GETFIELD com/manjugroups/m_connect/ui/chat/ChatPendingQueue$flush$1.L$3 : Ljava/lang/Object;
    CHECKCAST kotlin/jvm/functions/Function3
    ASTORE 4
   L129
    ALOAD 17
    GETFIELD com/manjugroups/m_connect/ui/chat/ChatPendingQueue$flush$1.L$2 : Ljava/lang/Object;
    CHECKCAST com/manjugroups/m_connect/auth/SessionManager
    ASTORE 3
   L130
    ALOAD 17
    GETFIELD com/manjugroups/m_connect/ui/chat/ChatPendingQueue$flush$1.L$1 : Ljava/lang/Object;
    CHECKCAST com/manjugroups/m_connect/network/ApiService
    ASTORE 2
   L131
    ALOAD 17
    GETFIELD com/manjugroups/m_connect/ui/chat/ChatPendingQueue$flush$1.L$0 : Ljava/lang/Object;
    CHECKCAST android/content/Context
    ASTORE 1
   L132
   L9
    NOP
    ALOAD 16
    INVOKESTATIC kotlin/ResultKt.throwOnFailure (Ljava/lang/Object;)V
    ALOAD 16
   L120
    LINENUMBER 101 L120
    POP
   L133
    NOP
    ICONST_0
   L118
    LINENUMBER 102 L118
    NOP
    GOTO L134
   L135
   L136
   L137
   L134
    INVOKESTATIC kotlin/coroutines/jvm/internal/Boxing.boxBoolean (Z)Ljava/lang/Boolean;
   L138
    LINENUMBER 83 L138
    INVOKESTATIC kotlin/Result.constructor-impl (Ljava/lang/Object;)Ljava/lang/Object;
    ASTORE 13
   L10
    GOTO L139
   L2
    ASTORE 14
    GETSTATIC kotlin/Result.Companion : Lkotlin/Result$Companion;
    POP
    ALOAD 14
    INVOKESTATIC kotlin/ResultKt.createFailure (Ljava/lang/Throwable;)Ljava/lang/Object;
    INVOKESTATIC kotlin/Result.constructor-impl (Ljava/lang/Object;)Ljava/lang/Object;
    ASTORE 13
   L139
    ALOAD 13
    NOP
    GOTO L140
   L141
   L142
   L140
    ASTORE 12
   L143
    LINENUMBER 103 L143
    NOP
   L144
    ALOAD 12
    INVOKESTATIC kotlin/Result.exceptionOrNull-impl (Ljava/lang/Object;)Ljava/lang/Throwable;
    DUP
    IFNONNULL L145
    POP
    ALOAD 12
    GOTO L146
   L145
    CHECKCAST java/lang/Throwable
    ASTORE 13
   L147
    ICONST_0
    ISTORE 14
   L148
   L149
    LINENUMBER 104 L149
    ALOAD 6
    ALOAD 10
    INVOKEVIRTUAL com/manjugroups/m_connect/geotrack/data/PendingChatMessageEntity.getLocalId ()Ljava/lang/String;
    ALOAD 13
    INVOKEVIRTUAL java/lang/Throwable.getMessage ()Ljava/lang/String;
    ALOAD 17
    ALOAD 17
    ALOAD 1
    INVOKESTATIC kotlin/coroutines/jvm/internal/SpillingKt.nullOutSpilledVariable (Ljava/lang/Object;)Ljava/lang/Object;
    PUTFIELD com/manjugroups/m_connect/ui/chat/ChatPendingQueue$flush$1.L$0 : Ljava/lang/Object;
    ALOAD 17
    ALOAD 2
    PUTFIELD com/manjugroups/m_connect/ui/chat/ChatPendingQueue$flush$1.L$1 : Ljava/lang/Object;
    ALOAD 17
    ALOAD 3
    PUTFIELD com/manjugroups/m_connect/ui/chat/ChatPendingQueue$flush$1.L$2 : Ljava/lang/Object;
    ALOAD 17
    ALOAD 4
    PUTFIELD com/manjugroups/m_connect/ui/chat/ChatPendingQueue$flush$1.L$3 : Ljava/lang/Object;
    ALOAD 17
    ALOAD 6
    PUTFIELD com/manjugroups/m_connect/ui/chat/ChatPendingQueue$flush$1.L$4 : Ljava/lang/Object;
    ALOAD 17
    ALOAD 7
    INVOKESTATIC kotlin/coroutines/jvm/internal/SpillingKt.nullOutSpilledVariable (Ljava/lang/Object;)Ljava/lang/Object;
    PUTFIELD com/manjugroups/m_connect/ui/chat/ChatPendingQueue$flush$1.L$5 : Ljava/lang/Object;
    ALOAD 17
    ALOAD 9
    PUTFIELD com/manjugroups/m_connect/ui/chat/ChatPendingQueue$flush$1.L$6 : Ljava/lang/Object;
    ALOAD 17
    ALOAD 10
    INVOKESTATIC kotlin/coroutines/jvm/internal/SpillingKt.nullOutSpilledVariable (Ljava/lang/Object;)Ljava/lang/Object;
    PUTFIELD com/manjugroups/m_connect/ui/chat/ChatPendingQueue$flush$1.L$7 : Ljava/lang/Object;
    ALOAD 17
    ALOAD 13
    INVOKESTATIC kotlin/coroutines/jvm/internal/SpillingKt.nullOutSpilledVariable (Ljava/lang/Object;)Ljava/lang/Object;
    PUTFIELD com/manjugroups/m_connect/ui/chat/ChatPendingQueue$flush$1.L$8 : Ljava/lang/Object;
    ALOAD 17
    ACONST_NULL
    PUTFIELD com/manjugroups/m_connect/ui/chat/ChatPendingQueue$flush$1.L$9 : Ljava/lang/Object;
    ALOAD 17
    ILOAD 8
    PUTFIELD com/manjugroups/m_connect/ui/chat/ChatPendingQueue$flush$1.I$0 : I
    ALOAD 17
    ILOAD 14
    PUTFIELD com/manjugroups/m_connect/ui/chat/ChatPendingQueue$flush$1.I$1 : I
    ALOAD 17
    BIPUSH 6
    PUTFIELD com/manjugroups/m_connect/ui/chat/ChatPendingQueue$flush$1.label : I
    INVOKEINTERFACE com/manjugroups/m_connect/geotrack/data/PendingChatMessageDao.bumpAttempt (Ljava/lang/String;Ljava/lang/String;Lkotlin/coroutines/Continuation;)Ljava/lang/Object; (itf)
   L150
    DUP
    ALOAD 18
    IF_ACMPNE L151
   L152
    LINENUMBER 70 L152
    ALOAD 18
    ARETURN
   L22
    ALOAD 17
    GETFIELD com/manjugroups/m_connect/ui/chat/ChatPendingQueue$flush$1.I$1 : I
    ISTORE 14
   L153
    ALOAD 17
    GETFIELD com/manjugroups/m_connect/ui/chat/ChatPendingQueue$flush$1.I$0 : I
    ISTORE 8
   L154
    ALOAD 17
    GETFIELD com/manjugroups/m_connect/ui/chat/ChatPendingQueue$flush$1.L$8 : Ljava/lang/Object;
    CHECKCAST java/lang/Throwable
    ASTORE 13
   L155
    ALOAD 17
    GETFIELD com/manjugroups/m_connect/ui/chat/ChatPendingQueue$flush$1.L$7 : Ljava/lang/Object;
    CHECKCAST com/manjugroups/m_connect/geotrack/data/PendingChatMessageEntity
    ASTORE 10
   L156
    ALOAD 17
    GETFIELD com/manjugroups/m_connect/ui/chat/ChatPendingQueue$flush$1.L$6 : Ljava/lang/Object;
    CHECKCAST java/util/Iterator
    ASTORE 9
    ALOAD 17
    GETFIELD com/manjugroups/m_connect/ui/chat/ChatPendingQueue$flush$1.L$5 : Ljava/lang/Object;
    CHECKCAST java/util/List
    ASTORE 7
   L157
    ALOAD 17
    GETFIELD com/manjugroups/m_connect/ui/chat/ChatPendingQueue$flush$1.L$4 : Ljava/lang/Object;
    CHECKCAST com/manjugroups/m_connect/geotrack/data/PendingChatMessageDao
    ASTORE 6
   L158
    ALOAD 17
    GETFIELD com/manjugroups/m_connect/ui/chat/ChatPendingQueue$flush$1.L$3 : Ljava/lang/Object;
    CHECKCAST kotlin/jvm/functions/Function3
    ASTORE 4
   L159
    ALOAD 17
    GETFIELD com/manjugroups/m_connect/ui/chat/ChatPendingQueue$flush$1.L$2 : Ljava/lang/Object;
    CHECKCAST com/manjugroups/m_connect/auth/SessionManager
    ASTORE 3
   L160
    ALOAD 17
    GETFIELD com/manjugroups/m_connect/ui/chat/ChatPendingQueue$flush$1.L$1 : Ljava/lang/Object;
    CHECKCAST com/manjugroups/m_connect/network/ApiService
    ASTORE 2
   L161
    ALOAD 17
    GETFIELD com/manjugroups/m_connect/ui/chat/ChatPendingQueue$flush$1.L$0 : Ljava/lang/Object;
    CHECKCAST android/content/Context
    ASTORE 1
   L162
   L163
    NOP
    ALOAD 16
    INVOKESTATIC kotlin/ResultKt.throwOnFailure (Ljava/lang/Object;)V
    ALOAD 16
   L151
    LINENUMBER 105 L151
    POP
   L164
    NOP
    ICONST_0
    NOP
    GOTO L165
   L166
   L167
   L168
   L165
    INVOKESTATIC kotlin/coroutines/jvm/internal/Boxing.boxBoolean (Z)Ljava/lang/Boolean;
   L169
    LINENUMBER 103 L169
   L146
    NOP
    GOTO L170
   L171
   L172
   L170
   L173
    LINENUMBER 103 L173
    CHECKCAST java/lang/Boolean
    INVOKEVIRTUAL java/lang/Boolean.booleanValue ()Z
   L174
    LINENUMBER 83 L174
    ISTORE 11
   L175
   L176
    LINENUMBER 107 L176
    ILOAD 11
    IFNE L177
    NOP
    GOTO L55
   L178
   L177
   L179
   L180
    LINENUMBER 108 L180
    ILOAD 8
    IINC 8 1
   L181
    POP
   L182
    GOTO L54
   L55
   L183
   L184
    LINENUMBER 110 L184
    ILOAD 8
    INVOKESTATIC kotlin/coroutines/jvm/internal/Boxing.boxInt (I)Ljava/lang/Integer;
    ARETURN
   L185
   L186
   L187
   L23
    LINENUMBER 70 L23
    NEW java/lang/IllegalStateException
    DUP
    LDC "call to 'resume' before 'invoke' with coroutine"
    INVOKESPECIAL java/lang/IllegalStateException.<init> (Ljava/lang/String;)V
    ATHROW
    RETURN
   L188
    LOCALVARIABLE $i$a$-runCatching-ChatPendingQueue$flush$ok$1\1\83\0 I L61 L18 14
    LOCALVARIABLE resp\1 Lcom/manjugroups/m_connect/network/SendMessageResponse; L85 L19 15
    LOCALVARIABLE $this$flush_u24lambda_u240\1 Lcom/manjugroups/m_connect/ui/chat/ChatPendingQueue; L60 L18 13
    LOCALVARIABLE $i$a$-getOrElse-ChatPendingQueue$flush$ok$2\2\103\0 I L148 L22 14
    LOCALVARIABLE e\2 Ljava/lang/Throwable; L147 L22 13
    LOCALVARIABLE ok Z L175 L181 11
    LOCALVARIABLE msg Lcom/manjugroups/m_connect/geotrack/data/PendingChatMessageEntity; L56 L18 10
    LOCALVARIABLE dao Lcom/manjugroups/m_connect/geotrack/data/PendingChatMessageDao; L34 L17 6
    LOCALVARIABLE pending Ljava/util/List; L45 L18 7
    LOCALVARIABLE sent I L51 L18 8
    LOCALVARIABLE this Lcom/manjugroups/m_connect/ui/chat/ChatPendingQueue; L11 L188 0
    LOCALVARIABLE context Landroid/content/Context; L11 L188 1
    LOCALVARIABLE api Lcom/manjugroups/m_connect/network/ApiService; L11 L188 2
    LOCALVARIABLE session Lcom/manjugroups/m_connect/auth/SessionManager; L11 L188 3
    LOCALVARIABLE onSent Lkotlin/jvm/functions/Function3; L11 L188 4
    LOCALVARIABLE $completion Lkotlin/coroutines/Continuation; L11 L188 5
    LOCALVARIABLE $continuation Lkotlin/coroutines/Continuation; L13 L187 17
    LOCALVARIABLE $result Ljava/lang/Object; L14 L187 16
    LOCALVARIABLE dao Lcom/manjugroups/m_connect/geotrack/data/PendingChatMessageDao; L39 L18 6
    LOCALVARIABLE dao Lcom/manjugroups/m_connect/geotrack/data/PendingChatMessageDao; L80 L19 6
    LOCALVARIABLE pending Ljava/util/List; L79 L19 7
    LOCALVARIABLE msg Lcom/manjugroups/m_connect/geotrack/data/PendingChatMessageEntity; L78 L19 10
    LOCALVARIABLE $this$flush_u24lambda_u240\1 Lcom/manjugroups/m_connect/ui/chat/ChatPendingQueue; L77 L19 13
    LOCALVARIABLE sent I L76 L19 8
    LOCALVARIABLE $i$a$-runCatching-ChatPendingQueue$flush$ok$1\1\83\0 I L75 L19 14
    LOCALVARIABLE dao Lcom/manjugroups/m_connect/geotrack/data/PendingChatMessageDao; L96 L20 6
    LOCALVARIABLE pending Ljava/util/List; L95 L20 7
    LOCALVARIABLE msg Lcom/manjugroups/m_connect/geotrack/data/PendingChatMessageEntity; L94 L20 10
    LOCALVARIABLE $this$flush_u24lambda_u240\1 Lcom/manjugroups/m_connect/ui/chat/ChatPendingQueue; L93 L20 13
    LOCALVARIABLE resp\1 Lcom/manjugroups/m_connect/network/SendMessageResponse; L92 L20 15
    LOCALVARIABLE sent I L91 L20 8
    LOCALVARIABLE $i$a$-runCatching-ChatPendingQueue$flush$ok$1\1\83\0 I L90 L20 14
    LOCALVARIABLE dao Lcom/manjugroups/m_connect/geotrack/data/PendingChatMessageDao; L111 L21 6
    LOCALVARIABLE pending Ljava/util/List; L110 L21 7
    LOCALVARIABLE msg Lcom/manjugroups/m_connect/geotrack/data/PendingChatMessageEntity; L109 L21 10
    LOCALVARIABLE $this$flush_u24lambda_u240\1 Lcom/manjugroups/m_connect/ui/chat/ChatPendingQueue; L108 L21 13
    LOCALVARIABLE resp\1 Lcom/manjugroups/m_connect/network/SendMessageResponse; L107 L21 15
    LOCALVARIABLE sent I L106 L21 8
    LOCALVARIABLE $i$a$-runCatching-ChatPendingQueue$flush$ok$1\1\83\0 I L105 L21 14
    LOCALVARIABLE dao Lcom/manjugroups/m_connect/geotrack/data/PendingChatMessageDao; L128 L22 6
    LOCALVARIABLE pending Ljava/util/List; L127 L22 7
    LOCALVARIABLE msg Lcom/manjugroups/m_connect/geotrack/data/PendingChatMessageEntity; L126 L22 10
    LOCALVARIABLE $this$flush_u24lambda_u240\1 Lcom/manjugroups/m_connect/ui/chat/ChatPendingQueue; L125 L137 13
    LOCALVARIABLE resp\1 Lcom/manjugroups/m_connect/network/SendMessageResponse; L124 L137 15
    LOCALVARIABLE sent I L123 L22 8
    LOCALVARIABLE $i$a$-runCatching-ChatPendingQueue$flush$ok$1\1\83\0 I L122 L137 14
    LOCALVARIABLE dao Lcom/manjugroups/m_connect/geotrack/data/PendingChatMessageDao; L158 L186 6
    LOCALVARIABLE pending Ljava/util/List; L157 L186 7
    LOCALVARIABLE msg Lcom/manjugroups/m_connect/geotrack/data/PendingChatMessageEntity; L156 L182 10
    LOCALVARIABLE e\2 Ljava/lang/Throwable; L155 L168 13
    LOCALVARIABLE sent I L154 L186 8
    LOCALVARIABLE $i$a$-getOrElse-ChatPendingQueue$flush$ok$2\2\103\0 I L153 L168 14
    MAXSTACK = 10
    MAXLOCALS = 19

File is unknown
The root cause org.jetbrains.kotlin.codegen.CompilationException was thrown at: org.jetbrains.kotlin.codegen.TransformationMethodVisitor.visitEnd(TransformationMethodVisitor.kt:89)
	at org.jetbrains.kotlin.codegen.TransformationMethodVisitor.visitEnd(TransformationMethodVisitor.kt:89)
	at org.jetbrains.org.objectweb.asm.tree.MethodNode.accept(MethodNode.java:770)
	at org.jetbrains.kotlin.backend.jvm.codegen.CoroutineCodegenKt.acceptWithStateMachine(CoroutineCodegen.kt:73)
	at org.jetbrains.kotlin.backend.jvm.codegen.ClassCodegen.generateMethod(ClassCodegen.kt:456)
	at org.jetbrains.kotlin.backend.jvm.codegen.ClassCodegen.generate(ClassCodegen.kt:164)
	at org.jetbrains.kotlin.backend.jvm.JvmIrCodegenFactory.generateFile(JvmIrCodegenFactory.kt:419)
	at org.jetbrains.kotlin.backend.jvm.JvmIrCodegenFactory.invokeCodegen(JvmIrCodegenFactory.kt:388)
	at org.jetbrains.kotlin.cli.jvm.compiler.KotlinToJVMBytecodeCompiler.runCodegen$cli(KotlinToJVMBytecodeCompiler.kt:431)
	at org.jetbrains.kotlin.cli.pipeline.jvm.JvmBackendPipelinePhase.executePhase(JvmBackendPipelinePhase.kt:95)
	at org.jetbrains.kotlin.cli.pipeline.jvm.JvmBackendPipelinePhase.executePhase(JvmBackendPipelinePhase.kt:36)
	at org.jetbrains.kotlin.cli.pipeline.jvm.JvmBackendPipelinePhase.executePhase(JvmBackendPipelinePhase.kt:29)
	at org.jetbrains.kotlin.cli.pipeline.PipelinePhase.phaseBody(PipelinePhase.kt:68)
	at org.jetbrains.kotlin.cli.pipeline.PipelinePhase.phaseBody(PipelinePhase.kt:58)
	at org.jetbrains.kotlin.config.phaser.NamedCompilerPhase.invoke(CompilerPhase.kt:102)
	at org.jetbrains.kotlin.backend.common.phaser.CompositePhase.invoke(PhaseBuilders.kt:22)
	at org.jetbrains.kotlin.config.phaser.CompilerPhaseKt.invokeToplevel(CompilerPhase.kt:53)
	at org.jetbrains.kotlin.cli.pipeline.AbstractCliPipeline.runPhasedPipeline(AbstractCliPipeline.kt:109)
	at org.jetbrains.kotlin.cli.pipeline.AbstractCliPipeline.execute(AbstractCliPipeline.kt:68)
	at org.jetbrains.kotlin.cli.jvm.K2JVMCompiler.doExecutePhased(K2JVMCompiler.kt:78)
	at org.jetbrains.kotlin.cli.jvm.K2JVMCompiler.doExecutePhased(K2JVMCompiler.kt:44)
	at org.jetbrains.kotlin.cli.common.CLICompiler.execImpl(CLICompiler.kt:90)
	at org.jetbrains.kotlin.cli.common.CLICompiler.exec(CLICompiler.kt:352)
	at org.jetbrains.kotlin.incremental.IncrementalJvmCompilerRunnerBase.runCompiler(IncrementalJvmCompilerRunnerBase.kt:175)
	at org.jetbrains.kotlin.incremental.IncrementalJvmCompilerRunnerBase.runCompiler(IncrementalJvmCompilerRunnerBase.kt:38)
	at org.jetbrains.kotlin.incremental.IncrementalCompilerRunner.doCompile(IncrementalCompilerRunner.kt:504)
	at org.jetbrains.kotlin.incremental.IncrementalCompilerRunner.compileImpl(IncrementalCompilerRunner.kt:421)
	at org.jetbrains.kotlin.incremental.IncrementalCompilerRunner.compileNonIncrementally(IncrementalCompilerRunner.kt:306)
	at org.jetbrains.kotlin.incremental.IncrementalCompilerRunner.compile(IncrementalCompilerRunner.kt:133)
	at org.jetbrains.kotlin.daemon.CompileServiceImplBase.execIncrementalCompiler(CompileServiceImpl.kt:679)
	at org.jetbrains.kotlin.daemon.CompileServiceImplBase.access$execIncrementalCompiler(CompileServiceImpl.kt:93)
	at org.jetbrains.kotlin.daemon.CompileServiceImpl.compile(CompileServiceImpl.kt:1806)
	at java.base/jdk.internal.reflect.DirectMethodHandleAccessor.invoke(DirectMethodHandleAccessor.java:103)
	at java.base/java.lang.reflect.Method.invoke(Method.java:580)
	at java.rmi/sun.rmi.server.UnicastServerRef.dispatch(UnicastServerRef.java:360)
	at java.rmi/sun.rmi.transport.Transport$1.run(Transport.java:200)
	at java.rmi/sun.rmi.transport.Transport$1.run(Transport.java:197)
	at java.base/java.security.AccessController.doPrivileged(AccessController.java:714)
	at java.rmi/sun.rmi.transport.Transport.serviceCall(Transport.java:196)
	at java.rmi/sun.rmi.transport.tcp.TCPTransport.handleMessages(TCPTransport.java:598)
	at java.rmi/sun.rmi.transport.tcp.TCPTransport$ConnectionHandler.run0(TCPTransport.java:844)
	at java.rmi/sun.rmi.transport.tcp.TCPTransport$ConnectionHandler.lambda$run$0(TCPTransport.java:721)
	at java.base/java.security.AccessController.doPrivileged(AccessController.java:400)
	at java.rmi/sun.rmi.transport.tcp.TCPTransport$ConnectionHandler.run(TCPTransport.java:720)
	at java.base/java.util.concurrent.ThreadPoolExecutor.runWorker(ThreadPoolExecutor.java:1144)
	at java.base/java.util.concurrent.ThreadPoolExecutor$Worker.run(ThreadPoolExecutor.java:642)
	at java.base/java.lang.Thread.run(Thread.java:1583)
Caused by: org.jetbrains.kotlin.codegen.CompilationException: Back-end (JVM) Internal error: Couldn't transform method node:
flush (Landroid/content/Context;Lcom/manjugroups/m_connect/network/ApiService;Lcom/manjugroups/m_connect/auth/SessionManager;Lkotlin/jvm/functions/Function3;Lkotlin/coroutines/Continuation;)Ljava/lang/Object;:
  @Lorg/jetbrains/annotations/Nullable;() // invisible
    // annotable parameter count: 5 (visible)
    // annotable parameter count: 5 (invisible)
    @Lorg/jetbrains/annotations/NotNull;() // invisible, parameter 0
    @Lorg/jetbrains/annotations/NotNull;() // invisible, parameter 1
    @Lorg/jetbrains/annotations/NotNull;() // invisible, parameter 2
    @Lorg/jetbrains/annotations/Nullable;() // invisible, parameter 3
    @Lorg/jetbrains/annotations/NotNull;() // invisible, parameter 4
    TRYCATCHBLOCK L0 L1 L2 java/lang/Throwable
    TRYCATCHBLOCK L3 L4 L2 java/lang/Throwable
    TRYCATCHBLOCK L5 L6 L2 java/lang/Throwable
    TRYCATCHBLOCK L7 L8 L2 java/lang/Throwable
    TRYCATCHBLOCK L9 L10 L2 java/lang/Throwable
   L11
    ALOAD 5
    INSTANCEOF com/manjugroups/m_connect/ui/chat/ChatPendingQueue$flush$1
    IFEQ L12
    ALOAD 5
    INVOKESTATIC kotlin/jvm/internal/$PseudoInsn.AS_NOT_NULL (Ljava/lang/Object;)Ljava/lang/Object;
    ASTORE 5
    ALOAD 5
    CHECKCAST com/manjugroups/m_connect/ui/chat/ChatPendingQueue$flush$1
    ASTORE 17
    ALOAD 17
    GETFIELD com/manjugroups/m_connect/ui/chat/ChatPendingQueue$flush$1.label : I
    LDC -2147483648
    IAND
    IFEQ L12
    ALOAD 17
    DUP
    GETFIELD com/manjugroups/m_connect/ui/chat/ChatPendingQueue$flush$1.label : I
    LDC -2147483648
    ISUB
    PUTFIELD com/manjugroups/m_connect/ui/chat/ChatPendingQueue$flush$1.label : I
    GOTO L13
   L12
    NEW com/manjugroups/m_connect/ui/chat/ChatPendingQueue$flush$1
    DUP
    ALOAD 0
    ALOAD 5
    INVOKESPECIAL com/manjugroups/m_connect/ui/chat/ChatPendingQueue$flush$1.<init> (Lcom/manjugroups/m_connect/ui/chat/ChatPendingQueue;Lkotlin/coroutines/Continuation;)V
    ASTORE 17
   L13
    ALOAD 17
    GETFIELD com/manjugroups/m_connect/ui/chat/ChatPendingQueue$flush$1.result : Ljava/lang/Object;
    ASTORE 16
   L14
    INVOKESTATIC kotlin/coroutines/intrinsics/IntrinsicsKt.getCOROUTINE_SUSPENDED ()Ljava/lang/Object;
   L15
    LINENUMBER 70 L15
    ASTORE 18
    ALOAD 17
    GETFIELD com/manjugroups/m_connect/ui/chat/ChatPendingQueue$flush$1.label : I
    TABLESWITCH
      0: L16
      1: L17
      2: L18
      3: L19
      4: L20
      5: L21
      6: L22
      default: L23
   L16
    ALOAD 16
    INVOKESTATIC kotlin/ResultKt.throwOnFailure (Ljava/lang/Object;)V
   L24
    LINENUMBER 76 L24
    ALOAD 3
    INVOKEVIRTUAL com/manjugroups/m_connect/auth/SessionManager.isLoggedIn ()Z
    IFNE L25
    ICONST_0
    INVOKESTATIC kotlin/coroutines/jvm/internal/Boxing.boxInt (I)Ljava/lang/Integer;
    ARETURN
   L25
    LINENUMBER 77 L25
    GETSTATIC com/manjugroups/m_connect/geotrack/data/GeoTrackDatabase.Companion : Lcom/manjugroups/m_connect/geotrack/data/GeoTrackDatabase$Companion;
    ALOAD 1
    INVOKEVIRTUAL android/content/Context.getApplicationContext ()Landroid/content/Context;
    ASTORE 7
   L26
    ALOAD 7
    LDC "getApplicationContext(...)"
    INVOKESTATIC kotlin/jvm/internal/Intrinsics.checkNotNullExpressionValue (Ljava/lang/Object;Ljava/lang/String;)V
    ALOAD 7
    INVOKESTATIC kotlin/jvm/internal/$PseudoInsn.AS_NOT_NULL (Ljava/lang/Object;)Ljava/lang/Object;
    ASTORE 7
    ALOAD 7
   L27
    CHECKCAST android/content/Context
    INVOKEVIRTUAL com/manjugroups/m_connect/geotrack/data/GeoTrackDatabase$Companion.getInstance (Landroid/content/Context;)Lcom/manjugroups/m_connect/geotrack/data/GeoTrackDatabase;
   L28
    LINENUMBER 78 L28
    INVOKEVIRTUAL com/manjugroups/m_connect/geotrack/data/GeoTrackDatabase.pendingChatMessageDao ()Lcom/manjugroups/m_connect/geotrack/data/PendingChatMessageDao;
   L29
    LINENUMBER 77 L29
    ASTORE 6
   L30
    LINENUMBER 79 L30
    ALOAD 6
    ALOAD 17
    ALOAD 17
    ALOAD 1
    INVOKESTATIC kotlin/coroutines/jvm/internal/SpillingKt.nullOutSpilledVariable (Ljava/lang/Object;)Ljava/lang/Object;
    PUTFIELD com/manjugroups/m_connect/ui/chat/ChatPendingQueue$flush$1.L$0 : Ljava/lang/Object;
    ALOAD 17
    ALOAD 2
    PUTFIELD com/manjugroups/m_connect/ui/chat/ChatPendingQueue$flush$1.L$1 : Ljava/lang/Object;
    ALOAD 17
    ALOAD 3
    PUTFIELD com/manjugroups/m_connect/ui/chat/ChatPendingQueue$flush$1.L$2 : Ljava/lang/Object;
    ALOAD 17
    ALOAD 4
    PUTFIELD com/manjugroups/m_connect/ui/chat/ChatPendingQueue$flush$1.L$3 : Ljava/lang/Object;
    ALOAD 17
    ALOAD 6
    PUTFIELD com/manjugroups/m_connect/ui/chat/ChatPendingQueue$flush$1.L$4 : Ljava/lang/Object;
    ALOAD 17
    ICONST_1
    PUTFIELD com/manjugroups/m_connect/ui/chat/ChatPendingQueue$flush$1.label : I
    INVOKEINTERFACE com/manjugroups/m_connect/geotrack/data/PendingChatMessageDao.listAll (Lkotlin/coroutines/Continuation;)Ljava/lang/Object; (itf)
   L31
    DUP
    ALOAD 18
    IF_ACMPNE L32
   L33
    LINENUMBER 70 L33
    ALOAD 18
    ARETURN
   L17
    ALOAD 17
    GETFIELD com/manjugroups/m_connect/ui/chat/ChatPendingQueue$flush$1.L$4 : Ljava/lang/Object;
    CHECKCAST com/manjugroups/m_connect/geotrack/data/PendingChatMessageDao
    ASTORE 6
   L34
    ALOAD 17
    GETFIELD com/manjugroups/m_connect/ui/chat/ChatPendingQueue$flush$1.L$3 : Ljava/lang/Object;
    CHECKCAST kotlin/jvm/functions/Function3
    ASTORE 4
   L35
    ALOAD 17
    GETFIELD com/manjugroups/m_connect/ui/chat/ChatPendingQueue$flush$1.L$2 : Ljava/lang/Object;
    CHECKCAST com/manjugroups/m_connect/auth/SessionManager
    ASTORE 3
   L36
    ALOAD 17
    GETFIELD com/manjugroups/m_connect/ui/chat/ChatPendingQueue$flush$1.L$1 : Ljava/lang/Object;
    CHECKCAST com/manjugroups/m_connect/network/ApiService
    ASTORE 2
   L37
    ALOAD 17
    GETFIELD com/manjugroups/m_connect/ui/chat/ChatPendingQueue$flush$1.L$0 : Ljava/lang/Object;
    CHECKCAST android/content/Context
    ASTORE 1
   L38
    NOP
    ALOAD 16
    INVOKESTATIC kotlin/ResultKt.throwOnFailure (Ljava/lang/Object;)V
    ALOAD 16
   L32
    CHECKCAST java/util/List
    ASTORE 7
   L39
    LINENUMBER 80 L39
    ALOAD 7
    INVOKEINTERFACE java/util/List.isEmpty ()Z (itf)
    IFEQ L40
    ICONST_0
    INVOKESTATIC kotlin/coroutines/jvm/internal/Boxing.boxInt (I)Ljava/lang/Integer;
    ARETURN
   L40
    LINENUMBER 81 L40
    ICONST_0
    ISTORE 8
   L41
    LINENUMBER 82 L41
    ALOAD 7
    INVOKEINTERFACE java/util/List.iterator ()Ljava/util/Iterator; (itf)
    ASTORE 9
   L42
    ALOAD 9
    INVOKEINTERFACE java/util/Iterator.hasNext ()Z (itf)
    IFEQ L43
    ALOAD 9
    INVOKEINTERFACE java/util/Iterator.next ()Ljava/lang/Object; (itf)
    CHECKCAST com/manjugroups/m_connect/geotrack/data/PendingChatMessageEntity
    ASTORE 10
   L44
    LINENUMBER 83 L44
    ALOAD 0
    ASTORE 12
    NOP
   L45
   L0
    NOP
    GETSTATIC kotlin/Result.Companion : Lkotlin/Result$Companion;
    POP
    ALOAD 12
    CHECKCAST com/manjugroups/m_connect/ui/chat/ChatPendingQueue
    ASTORE 13
   L46
    ICONST_0
    ISTORE 14
   L47
    LINENUMBER 84 L47
    ALOAD 2
   L48
    LINENUMBER 85 L48
    ALOAD 3
    INVOKEVIRTUAL com/manjugroups/m_connect/auth/SessionManager.getBearerToken ()Ljava/lang/String;
   L49
    LINENUMBER 86 L49
    NEW com/manjugroups/m_connect/network/SendMessageRequest
    DUP
   L50
    LINENUMBER 87 L50
    ALOAD 10
    INVOKEVIRTUAL com/manjugroups/m_connect/geotrack/data/PendingChatMessageEntity.getChannelId ()Ljava/lang/String;
   L51
    LINENUMBER 88 L51
    ALOAD 10
    INVOKEVIRTUAL com/manjugroups/m_connect/geotrack/data/PendingChatMessageEntity.getConversationId ()Ljava/lang/String;
   L52
    LINENUMBER 89 L52
    ALOAD 10
    INVOKEVIRTUAL com/manjugroups/m_connect/geotrack/data/PendingChatMessageEntity.getBody ()Ljava/lang/String;
   L53
    LINENUMBER 90 L53
    ALOAD 10
    INVOKEVIRTUAL com/manjugroups/m_connect/geotrack/data/PendingChatMessageEntity.getParentMessageId ()Ljava/lang/String;
   L54
    LINENUMBER 91 L54
    INVOKESTATIC kotlin/collections/CollectionsKt.emptyList ()Ljava/util/List;
   L55
    LINENUMBER 92 L55
    INVOKESTATIC kotlin/collections/CollectionsKt.emptyList ()Ljava/util/List;
   L56
    LINENUMBER 86 L56
    INVOKESPECIAL com/manjugroups/m_connect/network/SendMessageRequest.<init> (Ljava/lang/String;Ljava/lang/String;Ljava/lang/String;Ljava/lang/String;Ljava/util/List;Ljava/util/List;)V
    ALOAD 17
   L57
    LINENUMBER 84 L57
    ALOAD 17
    ALOAD 1
    INVOKESTATIC kotlin/coroutines/jvm/internal/SpillingKt.nullOutSpilledVariable (Ljava/lang/Object;)Ljava/lang/Object;
    PUTFIELD com/manjugroups/m_connect/ui/chat/ChatPendingQueue$flush$1.L$0 : Ljava/lang/Object;
    ALOAD 17
    ALOAD 2
    PUTFIELD com/manjugroups/m_connect/ui/chat/ChatPendingQueue$flush$1.L$1 : Ljava/lang/Object;
    ALOAD 17
    ALOAD 3
    PUTFIELD com/manjugroups/m_connect/ui/chat/ChatPendingQueue$flush$1.L$2 : Ljava/lang/Object;
    ALOAD 17
    ALOAD 4
    PUTFIELD com/manjugroups/m_connect/ui/chat/ChatPendingQueue$flush$1.L$3 : Ljava/lang/Object;
    ALOAD 17
    ALOAD 6
    PUTFIELD com/manjugroups/m_connect/ui/chat/ChatPendingQueue$flush$1.L$4 : Ljava/lang/Object;
    ALOAD 17
    ALOAD 7
    INVOKESTATIC kotlin/coroutines/jvm/internal/SpillingKt.nullOutSpilledVariable (Ljava/lang/Object;)Ljava/lang/Object;
    PUTFIELD com/manjugroups/m_connect/ui/chat/ChatPendingQueue$flush$1.L$5 : Ljava/lang/Object;
    ALOAD 17
    ALOAD 9
    PUTFIELD com/manjugroups/m_connect/ui/chat/ChatPendingQueue$flush$1.L$6 : Ljava/lang/Object;
    ALOAD 17
    ALOAD 10
    PUTFIELD com/manjugroups/m_connect/ui/chat/ChatPendingQueue$flush$1.L$7 : Ljava/lang/Object;
    ALOAD 17
    ALOAD 13
    INVOKESTATIC kotlin/coroutines/jvm/internal/SpillingKt.nullOutSpilledVariable (Ljava/lang/Object;)Ljava/lang/Object;
    PUTFIELD com/manjugroups/m_connect/ui/chat/ChatPendingQueue$flush$1.L$8 : Ljava/lang/Object;
    ALOAD 17
    ACONST_NULL
    PUTFIELD com/manjugroups/m_connect/ui/chat/ChatPendingQueue$flush$1.L$9 : Ljava/lang/Object;
    ALOAD 17
    ILOAD 8
    PUTFIELD com/manjugroups/m_connect/ui/chat/ChatPendingQueue$flush$1.I$0 : I
    ALOAD 17
    ILOAD 14
    PUTFIELD com/manjugroups/m_connect/ui/chat/ChatPendingQueue$flush$1.I$1 : I
    ALOAD 17
    ICONST_2
    PUTFIELD com/manjugroups/m_connect/ui/chat/ChatPendingQueue$flush$1.label : I
    INVOKEINTERFACE com/manjugroups/m_connect/network/ApiService.sendMessage (Ljava/lang/String;Lcom/manjugroups/m_connect/network/SendMessageRequest;Lkotlin/coroutines/Continuation;)Ljava/lang/Object; (itf)
   L1
    DUP
    ALOAD 18
    IF_ACMPNE L58
   L59
    LINENUMBER 70 L59
    ALOAD 18
    ARETURN
   L18
    ALOAD 17
    GETFIELD com/manjugroups/m_connect/ui/chat/ChatPendingQueue$flush$1.I$1 : I
    ISTORE 14
   L60
    ALOAD 17
    GETFIELD com/manjugroups/m_connect/ui/chat/ChatPendingQueue$flush$1.I$0 : I
    ISTORE 8
   L61
    ALOAD 17
    GETFIELD com/manjugroups/m_connect/ui/chat/ChatPendingQueue$flush$1.L$8 : Ljava/lang/Object;
    CHECKCAST com/manjugroups/m_connect/ui/chat/ChatPendingQueue
    ASTORE 13
   L62
    ALOAD 17
    GETFIELD com/manjugroups/m_connect/ui/chat/ChatPendingQueue$flush$1.L$7 : Ljava/lang/Object;
    CHECKCAST com/manjugroups/m_connect/geotrack/data/PendingChatMessageEntity
    ASTORE 10
   L63
    ALOAD 17
    GETFIELD com/manjugroups/m_connect/ui/chat/ChatPendingQueue$flush$1.L$6 : Ljava/lang/Object;
    CHECKCAST java/util/Iterator
    ASTORE 9
    ALOAD 17
    GETFIELD com/manjugroups/m_connect/ui/chat/ChatPendingQueue$flush$1.L$5 : Ljava/lang/Object;
    CHECKCAST java/util/List
    ASTORE 7
   L64
    ALOAD 17
    GETFIELD com/manjugroups/m_connect/ui/chat/ChatPendingQueue$flush$1.L$4 : Ljava/lang/Object;
    CHECKCAST com/manjugroups/m_connect/geotrack/data/PendingChatMessageDao
    ASTORE 6
   L65
    ALOAD 17
    GETFIELD com/manjugroups/m_connect/ui/chat/ChatPendingQueue$flush$1.L$3 : Ljava/lang/Object;
    CHECKCAST kotlin/jvm/functions/Function3
    ASTORE 4
   L66
    ALOAD 17
    GETFIELD com/manjugroups/m_connect/ui/chat/ChatPendingQueue$flush$1.L$2 : Ljava/lang/Object;
    CHECKCAST com/manjugroups/m_connect/auth/SessionManager
    ASTORE 3
   L67
    ALOAD 17
    GETFIELD com/manjugroups/m_connect/ui/chat/ChatPendingQueue$flush$1.L$1 : Ljava/lang/Object;
    CHECKCAST com/manjugroups/m_connect/network/ApiService
    ASTORE 2
   L68
    ALOAD 17
    GETFIELD com/manjugroups/m_connect/ui/chat/ChatPendingQueue$flush$1.L$0 : Ljava/lang/Object;
    CHECKCAST android/content/Context
    ASTORE 1
   L3
    NOP
    ALOAD 16
    INVOKESTATIC kotlin/ResultKt.throwOnFailure (Ljava/lang/Object;)V
    ALOAD 16
   L58
    CHECKCAST com/manjugroups/m_connect/network/SendMessageResponse
    ASTORE 15
   L69
    LINENUMBER 95 L69
    ALOAD 15
    INVOKEVIRTUAL com/manjugroups/m_connect/network/SendMessageResponse.getSuccess ()Z
    IFEQ L70
   L71
    LINENUMBER 96 L71
    ALOAD 6
    ALOAD 10
    INVOKEVIRTUAL com/manjugroups/m_connect/geotrack/data/PendingChatMessageEntity.getLocalId ()Ljava/lang/String;
    ALOAD 17
    ALOAD 17
    ALOAD 1
    INVOKESTATIC kotlin/coroutines/jvm/internal/SpillingKt.nullOutSpilledVariable (Ljava/lang/Object;)Ljava/lang/Object;
    PUTFIELD com/manjugroups/m_connect/ui/chat/ChatPendingQueue$flush$1.L$0 : Ljava/lang/Object;
    ALOAD 17
    ALOAD 2
    PUTFIELD com/manjugroups/m_connect/ui/chat/ChatPendingQueue$flush$1.L$1 : Ljava/lang/Object;
    ALOAD 17
    ALOAD 3
    PUTFIELD com/manjugroups/m_connect/ui/chat/ChatPendingQueue$flush$1.L$2 : Ljava/lang/Object;
    ALOAD 17
    ALOAD 4
    PUTFIELD com/manjugroups/m_connect/ui/chat/ChatPendingQueue$flush$1.L$3 : Ljava/lang/Object;
    ALOAD 17
    ALOAD 6
    PUTFIELD com/manjugroups/m_connect/ui/chat/ChatPendingQueue$flush$1.L$4 : Ljava/lang/Object;
    ALOAD 17
    ALOAD 7
    INVOKESTATIC kotlin/coroutines/jvm/internal/SpillingKt.nullOutSpilledVariable (Ljava/lang/Object;)Ljava/lang/Object;
    PUTFIELD com/manjugroups/m_connect/ui/chat/ChatPendingQueue$flush$1.L$5 : Ljava/lang/Object;
    ALOAD 17
    ALOAD 9
    PUTFIELD com/manjugroups/m_connect/ui/chat/ChatPendingQueue$flush$1.L$6 : Ljava/lang/Object;
    ALOAD 17
    ALOAD 10
    PUTFIELD com/manjugroups/m_connect/ui/chat/ChatPendingQueue$flush$1.L$7 : Ljava/lang/Object;
    ALOAD 17
    ALOAD 13
    INVOKESTATIC kotlin/coroutines/jvm/internal/SpillingKt.nullOutSpilledVariable (Ljava/lang/Object;)Ljava/lang/Object;
    PUTFIELD com/manjugroups/m_connect/ui/chat/ChatPendingQueue$flush$1.L$8 : Ljava/lang/Object;
    ALOAD 17
    ALOAD 15
    PUTFIELD com/manjugroups/m_connect/ui/chat/ChatPendingQueue$flush$1.L$9 : Ljava/lang/Object;
    ALOAD 17
    ILOAD 8
    PUTFIELD com/manjugroups/m_connect/ui/chat/ChatPendingQueue$flush$1.I$0 : I
    ALOAD 17
    ILOAD 14
    PUTFIELD com/manjugroups/m_connect/ui/chat/ChatPendingQueue$flush$1.I$1 : I
    ALOAD 17
    ICONST_3
    PUTFIELD com/manjugroups/m_connect/ui/chat/ChatPendingQueue$flush$1.label : I
    INVOKEINTERFACE com/manjugroups/m_connect/geotrack/data/PendingChatMessageDao.deleteByLocalId (Ljava/lang/String;Lkotlin/coroutines/Continuation;)Ljava/lang/Object; (itf)
   L4
    DUP
    ALOAD 18
    IF_ACMPNE L72
   L73
    LINENUMBER 70 L73
    ALOAD 18
    ARETURN
   L19
    ALOAD 17
    GETFIELD com/manjugroups/m_connect/ui/chat/ChatPendingQueue$flush$1.I$1 : I
    ISTORE 14
   L74
    ALOAD 17
    GETFIELD com/manjugroups/m_connect/ui/chat/ChatPendingQueue$flush$1.I$0 : I
    ISTORE 8
   L75
    ALOAD 17
    GETFIELD com/manjugroups/m_connect/ui/chat/ChatPendingQueue$flush$1.L$9 : Ljava/lang/Object;
    CHECKCAST com/manjugroups/m_connect/network/SendMessageResponse
    ASTORE 15
   L76
    ALOAD 17
    GETFIELD com/manjugroups/m_connect/ui/chat/ChatPendingQueue$flush$1.L$8 : Ljava/lang/Object;
    CHECKCAST com/manjugroups/m_connect/ui/chat/ChatPendingQueue
    ASTORE 13
   L77
    ALOAD 17
    GETFIELD com/manjugroups/m_connect/ui/chat/ChatPendingQueue$flush$1.L$7 : Ljava/lang/Object;
    CHECKCAST com/manjugroups/m_connect/geotrack/data/PendingChatMessageEntity
    ASTORE 10
   L78
    ALOAD 17
    GETFIELD com/manjugroups/m_connect/ui/chat/ChatPendingQueue$flush$1.L$6 : Ljava/lang/Object;
    CHECKCAST java/util/Iterator
    ASTORE 9
    ALOAD 17
    GETFIELD com/manjugroups/m_connect/ui/chat/ChatPendingQueue$flush$1.L$5 : Ljava/lang/Object;
    CHECKCAST java/util/List
    ASTORE 7
   L79
    ALOAD 17
    GETFIELD com/manjugroups/m_connect/ui/chat/ChatPendingQueue$flush$1.L$4 : Ljava/lang/Object;
    CHECKCAST com/manjugroups/m_connect/geotrack/data/PendingChatMessageDao
    ASTORE 6
   L80
    ALOAD 17
    GETFIELD com/manjugroups/m_connect/ui/chat/ChatPendingQueue$flush$1.L$3 : Ljava/lang/Object;
    CHECKCAST kotlin/jvm/functions/Function3
    ASTORE 4
   L81
    ALOAD 17
    GETFIELD com/manjugroups/m_connect/ui/chat/ChatPendingQueue$flush$1.L$2 : Ljava/lang/Object;
    CHECKCAST com/manjugroups/m_connect/auth/SessionManager
    ASTORE 3
   L82
    ALOAD 17
    GETFIELD com/manjugroups/m_connect/ui/chat/ChatPendingQueue$flush$1.L$1 : Ljava/lang/Object;
    CHECKCAST com/manjugroups/m_connect/network/ApiService
    ASTORE 2
   L83
    ALOAD 17
    GETFIELD com/manjugroups/m_connect/ui/chat/ChatPendingQueue$flush$1.L$0 : Ljava/lang/Object;
    CHECKCAST android/content/Context
    ASTORE 1
   L5
    NOP
    ALOAD 16
    INVOKESTATIC kotlin/ResultKt.throwOnFailure (Ljava/lang/Object;)V
    ALOAD 16
   L72
    LINENUMBER 97 L72
    POP
   L84
    ALOAD 4
    IFNULL L85
    ALOAD 4
    INVOKESTATIC kotlin/jvm/internal/$PseudoInsn.AS_NOT_NULL (Ljava/lang/Object;)Ljava/lang/Object;
    ASTORE 4
    ALOAD 4
    ALOAD 10
    INVOKEVIRTUAL com/manjugroups/m_connect/geotrack/data/PendingChatMessageEntity.getLocalId ()Ljava/lang/String;
    ALOAD 15
    INVOKEVIRTUAL com/manjugroups/m_connect/network/SendMessageResponse.getMessageId ()Ljava/lang/String;
    ALOAD 17
    ALOAD 17
    ALOAD 1
    INVOKESTATIC kotlin/coroutines/jvm/internal/SpillingKt.nullOutSpilledVariable (Ljava/lang/Object;)Ljava/lang/Object;
    PUTFIELD com/manjugroups/m_connect/ui/chat/ChatPendingQueue$flush$1.L$0 : Ljava/lang/Object;
    ALOAD 17
    ALOAD 2
    PUTFIELD com/manjugroups/m_connect/ui/chat/ChatPendingQueue$flush$1.L$1 : Ljava/lang/Object;
    ALOAD 17
    ALOAD 3
    PUTFIELD com/manjugroups/m_connect/ui/chat/ChatPendingQueue$flush$1.L$2 : Ljava/lang/Object;
    ALOAD 17
    ALOAD 4
    PUTFIELD com/manjugroups/m_connect/ui/chat/ChatPendingQueue$flush$1.L$3 : Ljava/lang/Object;
    ALOAD 17
    ALOAD 6
    PUTFIELD com/manjugroups/m_connect/ui/chat/ChatPendingQueue$flush$1.L$4 : Ljava/lang/Object;
    ALOAD 17
    ALOAD 7
    INVOKESTATIC kotlin/coroutines/jvm/internal/SpillingKt.nullOutSpilledVariable (Ljava/lang/Object;)Ljava/lang/Object;
    PUTFIELD com/manjugroups/m_connect/ui/chat/ChatPendingQueue$flush$1.L$5 : Ljava/lang/Object;
    ALOAD 17
    ALOAD 9
    PUTFIELD com/manjugroups/m_connect/ui/chat/ChatPendingQueue$flush$1.L$6 : Ljava/lang/Object;
    ALOAD 17
    ALOAD 10
    PUTFIELD com/manjugroups/m_connect/ui/chat/ChatPendingQueue$flush$1.L$7 : Ljava/lang/Object;
    ALOAD 17
    ALOAD 13
    INVOKESTATIC kotlin/coroutines/jvm/internal/SpillingKt.nullOutSpilledVariable (Ljava/lang/Object;)Ljava/lang/Object;
    PUTFIELD com/manjugroups/m_connect/ui/chat/ChatPendingQueue$flush$1.L$8 : Ljava/lang/Object;
    ALOAD 17
    ALOAD 15
    INVOKESTATIC kotlin/coroutines/jvm/internal/SpillingKt.nullOutSpilledVariable (Ljava/lang/Object;)Ljava/lang/Object;
    PUTFIELD com/manjugroups/m_connect/ui/chat/ChatPendingQueue$flush$1.L$9 : Ljava/lang/Object;
    ALOAD 17
    ILOAD 8
    PUTFIELD com/manjugroups/m_connect/ui/chat/ChatPendingQueue$flush$1.I$0 : I
    ALOAD 17
    ILOAD 14
    PUTFIELD com/manjugroups/m_connect/ui/chat/ChatPendingQueue$flush$1.I$1 : I
    ALOAD 17
    ICONST_4
    PUTFIELD com/manjugroups/m_connect/ui/chat/ChatPendingQueue$flush$1.label : I
    INVOKEINTERFACE kotlin/jvm/functions/Function3.invoke (Ljava/lang/Object;Ljava/lang/Object;Ljava/lang/Object;)Ljava/lang/Object; (itf)
   L6
    DUP
    ALOAD 18
    IF_ACMPNE L86
   L87
    LINENUMBER 70 L87
    ALOAD 18
    ARETURN
   L20
    ALOAD 17
    GETFIELD com/manjugroups/m_connect/ui/chat/ChatPendingQueue$flush$1.I$1 : I
    ISTORE 14
   L88
    ALOAD 17
    GETFIELD com/manjugroups/m_connect/ui/chat/ChatPendingQueue$flush$1.I$0 : I
    ISTORE 8
   L89
    ALOAD 17
    GETFIELD com/manjugroups/m_connect/ui/chat/ChatPendingQueue$flush$1.L$9 : Ljava/lang/Object;
    CHECKCAST com/manjugroups/m_connect/network/SendMessageResponse
    ASTORE 15
   L90
    ALOAD 17
    GETFIELD com/manjugroups/m_connect/ui/chat/ChatPendingQueue$flush$1.L$8 : Ljava/lang/Object;
    CHECKCAST com/manjugroups/m_connect/ui/chat/ChatPendingQueue
    ASTORE 13
   L91
    ALOAD 17
    GETFIELD com/manjugroups/m_connect/ui/chat/ChatPendingQueue$flush$1.L$7 : Ljava/lang/Object;
    CHECKCAST com/manjugroups/m_connect/geotrack/data/PendingChatMessageEntity
    ASTORE 10
   L92
    ALOAD 17
    GETFIELD com/manjugroups/m_connect/ui/chat/ChatPendingQueue$flush$1.L$6 : Ljava/lang/Object;
    CHECKCAST java/util/Iterator
    ASTORE 9
    ALOAD 17
    GETFIELD com/manjugroups/m_connect/ui/chat/ChatPendingQueue$flush$1.L$5 : Ljava/lang/Object;
    CHECKCAST java/util/List
    ASTORE 7
   L93
    ALOAD 17
    GETFIELD com/manjugroups/m_connect/ui/chat/ChatPendingQueue$flush$1.L$4 : Ljava/lang/Object;
    CHECKCAST com/manjugroups/m_connect/geotrack/data/PendingChatMessageDao
    ASTORE 6
   L94
    ALOAD 17
    GETFIELD com/manjugroups/m_connect/ui/chat/ChatPendingQueue$flush$1.L$3 : Ljava/lang/Object;
    CHECKCAST kotlin/jvm/functions/Function3
    ASTORE 4
   L95
    ALOAD 17
    GETFIELD com/manjugroups/m_connect/ui/chat/ChatPendingQueue$flush$1.L$2 : Ljava/lang/Object;
    CHECKCAST com/manjugroups/m_connect/auth/SessionManager
    ASTORE 3
   L96
    ALOAD 17
    GETFIELD com/manjugroups/m_connect/ui/chat/ChatPendingQueue$flush$1.L$1 : Ljava/lang/Object;
    CHECKCAST com/manjugroups/m_connect/network/ApiService
    ASTORE 2
   L97
    ALOAD 17
    GETFIELD com/manjugroups/m_connect/ui/chat/ChatPendingQueue$flush$1.L$0 : Ljava/lang/Object;
    CHECKCAST android/content/Context
    ASTORE 1
   L7
    NOP
    ALOAD 16
    INVOKESTATIC kotlin/ResultKt.throwOnFailure (Ljava/lang/Object;)V
    ALOAD 16
   L86
    LINENUMBER 97 L86
    POP
    GETSTATIC kotlin/Unit.INSTANCE : Lkotlin/Unit;
    GOTO L98
   L99
    NOP
    ACONST_NULL
   L98
    POP
   L100
    LINENUMBER 98 L100
    NOP
    ICONST_1
    GOTO L101
   L70
    LINENUMBER 100 L70
    ALOAD 6
    ALOAD 10
    INVOKEVIRTUAL com/manjugroups/m_connect/geotrack/data/PendingChatMessageEntity.getLocalId ()Ljava/lang/String;
    ALOAD 15
    INVOKEVIRTUAL com/manjugroups/m_connect/network/SendMessageResponse.toString ()Ljava/lang/String;
    ALOAD 17
    ALOAD 17
    ALOAD 1
    INVOKESTATIC kotlin/coroutines/jvm/internal/SpillingKt.nullOutSpilledVariable (Ljava/lang/Object;)Ljava/lang/Object;
    PUTFIELD com/manjugroups/m_connect/ui/chat/ChatPendingQueue$flush$1.L$0 : Ljava/lang/Object;
    ALOAD 17
    ALOAD 2
    PUTFIELD com/manjugroups/m_connect/ui/chat/ChatPendingQueue$flush$1.L$1 : Ljava/lang/Object;
    ALOAD 17
    ALOAD 3
    PUTFIELD com/manjugroups/m_connect/ui/chat/ChatPendingQueue$flush$1.L$2 : Ljava/lang/Object;
    ALOAD 17
    ALOAD 4
    PUTFIELD com/manjugroups/m_connect/ui/chat/ChatPendingQueue$flush$1.L$3 : Ljava/lang/Object;
    ALOAD 17
    ALOAD 6
    PUTFIELD com/manjugroups/m_connect/ui/chat/ChatPendingQueue$flush$1.L$4 : Ljava/lang/Object;
    ALOAD 17
    ALOAD 7
    INVOKESTATIC kotlin/coroutines/jvm/internal/SpillingKt.nullOutSpilledVariable (Ljava/lang/Object;)Ljava/lang/Object;
    PUTFIELD com/manjugroups/m_connect/ui/chat/ChatPendingQueue$flush$1.L$5 : Ljava/lang/Object;
    ALOAD 17
    ALOAD 9
    PUTFIELD com/manjugroups/m_connect/ui/chat/ChatPendingQueue$flush$1.L$6 : Ljava/lang/Object;
    ALOAD 17
    ALOAD 10
    PUTFIELD com/manjugroups/m_connect/ui/chat/ChatPendingQueue$flush$1.L$7 : Ljava/lang/Object;
    ALOAD 17
    ALOAD 13
    INVOKESTATIC kotlin/coroutines/jvm/internal/SpillingKt.nullOutSpilledVariable (Ljava/lang/Object;)Ljava/lang/Object;
    PUTFIELD com/manjugroups/m_connect/ui/chat/ChatPendingQueue$flush$1.L$8 : Ljava/lang/Object;
    ALOAD 17
    ALOAD 15
    INVOKESTATIC kotlin/coroutines/jvm/internal/SpillingKt.nullOutSpilledVariable (Ljava/lang/Object;)Ljava/lang/Object;
    PUTFIELD com/manjugroups/m_connect/ui/chat/ChatPendingQueue$flush$1.L$9 : Ljava/lang/Object;
    ALOAD 17
    ILOAD 8
    PUTFIELD com/manjugroups/m_connect/ui/chat/ChatPendingQueue$flush$1.I$0 : I
    ALOAD 17
    ILOAD 14
    PUTFIELD com/manjugroups/m_connect/ui/chat/ChatPendingQueue$flush$1.I$1 : I
    ALOAD 17
    ICONST_5
    PUTFIELD com/manjugroups/m_connect/ui/chat/ChatPendingQueue$flush$1.label : I
    INVOKEINTERFACE com/manjugroups/m_connect/geotrack/data/PendingChatMessageDao.bumpAttempt (Ljava/lang/String;Ljava/lang/String;Lkotlin/coroutines/Continuation;)Ljava/lang/Object; (itf)
   L8
    DUP
    ALOAD 18
    IF_ACMPNE L102
   L103
    LINENUMBER 70 L103
    ALOAD 18
    ARETURN
   L21
    ALOAD 17
    GETFIELD com/manjugroups/m_connect/ui/chat/ChatPendingQueue$flush$1.I$1 : I
    ISTORE 14
   L104
    ALOAD 17
    GETFIELD com/manjugroups/m_connect/ui/chat/ChatPendingQueue$flush$1.I$0 : I
    ISTORE 8
   L105
    ALOAD 17
    GETFIELD com/manjugroups/m_connect/ui/chat/ChatPendingQueue$flush$1.L$9 : Ljava/lang/Object;
    CHECKCAST com/manjugroups/m_connect/network/SendMessageResponse
    ASTORE 15
   L106
    ALOAD 17
    GETFIELD com/manjugroups/m_connect/ui/chat/ChatPendingQueue$flush$1.L$8 : Ljava/lang/Object;
    CHECKCAST com/manjugroups/m_connect/ui/chat/ChatPendingQueue
    ASTORE 13
   L107
    ALOAD 17
    GETFIELD com/manjugroups/m_connect/ui/chat/ChatPendingQueue$flush$1.L$7 : Ljava/lang/Object;
    CHECKCAST com/manjugroups/m_connect/geotrack/data/PendingChatMessageEntity
    ASTORE 10
   L108
    ALOAD 17
    GETFIELD com/manjugroups/m_connect/ui/chat/ChatPendingQueue$flush$1.L$6 : Ljava/lang/Object;
    CHECKCAST java/util/Iterator
    ASTORE 9
    ALOAD 17
    GETFIELD com/manjugroups/m_connect/ui/chat/ChatPendingQueue$flush$1.L$5 : Ljava/lang/Object;
    CHECKCAST java/util/List
    ASTORE 7
   L109
    ALOAD 17
    GETFIELD com/manjugroups/m_connect/ui/chat/ChatPendingQueue$flush$1.L$4 : Ljava/lang/Object;
    CHECKCAST com/manjugroups/m_connect/geotrack/data/PendingChatMessageDao
    ASTORE 6
   L110
    ALOAD 17
    GETFIELD com/manjugroups/m_connect/ui/chat/ChatPendingQueue$flush$1.L$3 : Ljava/lang/Object;
    CHECKCAST kotlin/jvm/functions/Function3
    ASTORE 4
   L111
    ALOAD 17
    GETFIELD com/manjugroups/m_connect/ui/chat/ChatPendingQueue$flush$1.L$2 : Ljava/lang/Object;
    CHECKCAST com/manjugroups/m_connect/auth/SessionManager
    ASTORE 3
   L112
    ALOAD 17
    GETFIELD com/manjugroups/m_connect/ui/chat/ChatPendingQueue$flush$1.L$1 : Ljava/lang/Object;
    CHECKCAST com/manjugroups/m_connect/network/ApiService
    ASTORE 2
   L113
    ALOAD 17
    GETFIELD com/manjugroups/m_connect/ui/chat/ChatPendingQueue$flush$1.L$0 : Ljava/lang/Object;
    CHECKCAST android/content/Context
    ASTORE 1
   L9
    NOP
    ALOAD 16
    INVOKESTATIC kotlin/ResultKt.throwOnFailure (Ljava/lang/Object;)V
    ALOAD 16
   L102
    LINENUMBER 101 L102
    POP
   L114
    NOP
    ICONST_0
   L101
    LINENUMBER 102 L101
    NOP
    GOTO L115
   L115
    INVOKESTATIC kotlin/coroutines/jvm/internal/Boxing.boxBoolean (Z)Ljava/lang/Boolean;
   L116
    LINENUMBER 83 L116
    INVOKESTATIC kotlin/Result.constructor-impl (Ljava/lang/Object;)Ljava/lang/Object;
    ASTORE 13
   L10
    GOTO L117
   L2
    ASTORE 14
    GETSTATIC kotlin/Result.Companion : Lkotlin/Result$Companion;
    POP
    ALOAD 14
    INVOKESTATIC kotlin/ResultKt.createFailure (Ljava/lang/Throwable;)Ljava/lang/Object;
    INVOKESTATIC kotlin/Result.constructor-impl (Ljava/lang/Object;)Ljava/lang/Object;
    ASTORE 13
   L117
    ALOAD 13
    NOP
    GOTO L118
   L118
    ASTORE 12
   L119
    LINENUMBER 103 L119
    NOP
   L120
    ALOAD 12
    INVOKESTATIC kotlin/Result.exceptionOrNull-impl (Ljava/lang/Object;)Ljava/lang/Throwable;
    DUP
    IFNONNULL L121
    POP
    ALOAD 12
    GOTO L122
   L121
    CHECKCAST java/lang/Throwable
    ASTORE 13
   L123
    ICONST_0
    ISTORE 14
   L124
    LINENUMBER 104 L124
    ALOAD 6
    ALOAD 10
    INVOKEVIRTUAL com/manjugroups/m_connect/geotrack/data/PendingChatMessageEntity.getLocalId ()Ljava/lang/String;
    ALOAD 13
    INVOKEVIRTUAL java/lang/Throwable.getMessage ()Ljava/lang/String;
    ALOAD 17
    ALOAD 17
    ALOAD 1
    INVOKESTATIC kotlin/coroutines/jvm/internal/SpillingKt.nullOutSpilledVariable (Ljava/lang/Object;)Ljava/lang/Object;
    PUTFIELD com/manjugroups/m_connect/ui/chat/ChatPendingQueue$flush$1.L$0 : Ljava/lang/Object;
    ALOAD 17
    ALOAD 2
    PUTFIELD com/manjugroups/m_connect/ui/chat/ChatPendingQueue$flush$1.L$1 : Ljava/lang/Object;
    ALOAD 17
    ALOAD 3
    PUTFIELD com/manjugroups/m_connect/ui/chat/ChatPendingQueue$flush$1.L$2 : Ljava/lang/Object;
    ALOAD 17
    ALOAD 4
    PUTFIELD com/manjugroups/m_connect/ui/chat/ChatPendingQueue$flush$1.L$3 : Ljava/lang/Object;
    ALOAD 17
    ALOAD 6
    PUTFIELD com/manjugroups/m_connect/ui/chat/ChatPendingQueue$flush$1.L$4 : Ljava/lang/Object;
    ALOAD 17
    ALOAD 7
    INVOKESTATIC kotlin/coroutines/jvm/internal/SpillingKt.nullOutSpilledVariable (Ljava/lang/Object;)Ljava/lang/Object;
    PUTFIELD com/manjugroups/m_connect/ui/chat/ChatPendingQueue$flush$1.L$5 : Ljava/lang/Object;
    ALOAD 17
    ALOAD 9
    PUTFIELD com/manjugroups/m_connect/ui/chat/ChatPendingQueue$flush$1.L$6 : Ljava/lang/Object;
    ALOAD 17
    ALOAD 10
    INVOKESTATIC kotlin/coroutines/jvm/internal/SpillingKt.nullOutSpilledVariable (Ljava/lang/Object;)Ljava/lang/Object;
    PUTFIELD com/manjugroups/m_connect/ui/chat/ChatPendingQueue$flush$1.L$7 : Ljava/lang/Object;
    ALOAD 17
    ALOAD 13
    INVOKESTATIC kotlin/coroutines/jvm/internal/SpillingKt.nullOutSpilledVariable (Ljava/lang/Object;)Ljava/lang/Object;
    PUTFIELD com/manjugroups/m_connect/ui/chat/ChatPendingQueue$flush$1.L$8 : Ljava/lang/Object;
    ALOAD 17
    ACONST_NULL
    PUTFIELD com/manjugroups/m_connect/ui/chat/ChatPendingQueue$flush$1.L$9 : Ljava/lang/Object;
    ALOAD 17
    ILOAD 8
    PUTFIELD com/manjugroups/m_connect/ui/chat/ChatPendingQueue$flush$1.I$0 : I
    ALOAD 17
    ILOAD 14
    PUTFIELD com/manjugroups/m_connect/ui/chat/ChatPendingQueue$flush$1.I$1 : I
    ALOAD 17
    BIPUSH 6
    PUTFIELD com/manjugroups/m_connect/ui/chat/ChatPendingQueue$flush$1.label : I
    INVOKEINTERFACE com/manjugroups/m_connect/geotrack/data/PendingChatMessageDao.bumpAttempt (Ljava/lang/String;Ljava/lang/String;Lkotlin/coroutines/Continuation;)Ljava/lang/Object; (itf)
   L125
    DUP
    ALOAD 18
    IF_ACMPNE L126
   L127
    LINENUMBER 70 L127
    ALOAD 18
    ARETURN
   L22
    ALOAD 17
    GETFIELD com/manjugroups/m_connect/ui/chat/ChatPendingQueue$flush$1.I$1 : I
    ISTORE 14
   L128
    ALOAD 17
    GETFIELD com/manjugroups/m_connect/ui/chat/ChatPendingQueue$flush$1.I$0 : I
    ISTORE 8
   L129
    ALOAD 17
    GETFIELD com/manjugroups/m_connect/ui/chat/ChatPendingQueue$flush$1.L$8 : Ljava/lang/Object;
    CHECKCAST java/lang/Throwable
    ASTORE 13
   L130
    ALOAD 17
    GETFIELD com/manjugroups/m_connect/ui/chat/ChatPendingQueue$flush$1.L$7 : Ljava/lang/Object;
    CHECKCAST com/manjugroups/m_connect/geotrack/data/PendingChatMessageEntity
    ASTORE 10
   L131
    ALOAD 17
    GETFIELD com/manjugroups/m_connect/ui/chat/ChatPendingQueue$flush$1.L$6 : Ljava/lang/Object;
    CHECKCAST java/util/Iterator
    ASTORE 9
    ALOAD 17
    GETFIELD com/manjugroups/m_connect/ui/chat/ChatPendingQueue$flush$1.L$5 : Ljava/lang/Object;
    CHECKCAST java/util/List
    ASTORE 7
   L132
    ALOAD 17
    GETFIELD com/manjugroups/m_connect/ui/chat/ChatPendingQueue$flush$1.L$4 : Ljava/lang/Object;
    CHECKCAST com/manjugroups/m_connect/geotrack/data/PendingChatMessageDao
    ASTORE 6
   L133
    ALOAD 17
    GETFIELD com/manjugroups/m_connect/ui/chat/ChatPendingQueue$flush$1.L$3 : Ljava/lang/Object;
    CHECKCAST kotlin/jvm/functions/Function3
    ASTORE 4
   L134
    ALOAD 17
    GETFIELD com/manjugroups/m_connect/ui/chat/ChatPendingQueue$flush$1.L$2 : Ljava/lang/Object;
    CHECKCAST com/manjugroups/m_connect/auth/SessionManager
    ASTORE 3
   L135
    ALOAD 17
    GETFIELD com/manjugroups/m_connect/ui/chat/ChatPendingQueue$flush$1.L$1 : Ljava/lang/Object;
    CHECKCAST com/manjugroups/m_connect/network/ApiService
    ASTORE 2
   L136
    ALOAD 17
    GETFIELD com/manjugroups/m_connect/ui/chat/ChatPendingQueue$flush$1.L$0 : Ljava/lang/Object;
    CHECKCAST android/content/Context
    ASTORE 1
   L137
    NOP
    ALOAD 16
    INVOKESTATIC kotlin/ResultKt.throwOnFailure (Ljava/lang/Object;)V
    ALOAD 16
   L126
    LINENUMBER 105 L126
    POP
   L138
    NOP
    ICONST_0
    NOP
    GOTO L139
   L139
    INVOKESTATIC kotlin/coroutines/jvm/internal/Boxing.boxBoolean (Z)Ljava/lang/Boolean;
   L140
    LINENUMBER 103 L140
   L122
    NOP
    GOTO L141
   L141
    LINENUMBER 103 L141
    CHECKCAST java/lang/Boolean
    INVOKEVIRTUAL java/lang/Boolean.booleanValue ()Z
   L142
    LINENUMBER 83 L142
    ISTORE 11
   L143
    LINENUMBER 107 L143
    ILOAD 11
    IFNE L144
    NOP
    GOTO L43
   L144
    LINENUMBER 108 L144
    ILOAD 8
    IINC 8 1
   L145
    POP
   L146
    GOTO L42
   L43
    LINENUMBER 110 L43
    ILOAD 8
    INVOKESTATIC kotlin/coroutines/jvm/internal/Boxing.boxInt (I)Ljava/lang/Integer;
    ARETURN
   L23
    LINENUMBER 70 L23
    NEW java/lang/IllegalStateException
    DUP
    LDC "call to 'resume' before 'invoke' with coroutine"
    INVOKESPECIAL java/lang/IllegalStateException.<init> (Ljava/lang/String;)V
    ATHROW
    RETURN
   L147
   L85
    ACONST_NULL
    ASTORE 4
    GOTO L99
    LOCALVARIABLE $i$a$-runCatching-ChatPendingQueue$flush$ok$1\1\83\0 I L47 L18 14
    LOCALVARIABLE resp\1 Lcom/manjugroups/m_connect/network/SendMessageResponse; L69 L19 15
    LOCALVARIABLE $this$flush_u24lambda_u240\1 Lcom/manjugroups/m_connect/ui/chat/ChatPendingQueue; L46 L18 13
    LOCALVARIABLE $i$a$-getOrElse-ChatPendingQueue$flush$ok$2\2\103\0 I L124 L22 14
    LOCALVARIABLE e\2 Ljava/lang/Throwable; L123 L22 13
    LOCALVARIABLE ok Z L143 L145 11
    LOCALVARIABLE msg Lcom/manjugroups/m_connect/geotrack/data/PendingChatMessageEntity; L44 L18 10
    LOCALVARIABLE dao Lcom/manjugroups/m_connect/geotrack/data/PendingChatMessageDao; L30 L17 6
    LOCALVARIABLE pending Ljava/util/List; L39 L18 7
    LOCALVARIABLE sent I L41 L18 8
    LOCALVARIABLE this Lcom/manjugroups/m_connect/ui/chat/ChatPendingQueue; L11 L147 0
    LOCALVARIABLE context Landroid/content/Context; L11 L147 1
    LOCALVARIABLE api Lcom/manjugroups/m_connect/network/ApiService; L11 L147 2
    LOCALVARIABLE session Lcom/manjugroups/m_connect/auth/SessionManager; L11 L147 3
    LOCALVARIABLE onSent Lkotlin/jvm/functions/Function3; L11 L147 4
    LOCALVARIABLE $completion Lkotlin/coroutines/Continuation; L11 L147 5
    LOCALVARIABLE $continuation Lkotlin/coroutines/Continuation; L13 L23 17
    LOCALVARIABLE $result Ljava/lang/Object; L14 L23 16
    LOCALVARIABLE dao Lcom/manjugroups/m_connect/geotrack/data/PendingChatMessageDao; L34 L18 6
    LOCALVARIABLE dao Lcom/manjugroups/m_connect/geotrack/data/PendingChatMessageDao; L65 L19 6
    LOCALVARIABLE pending Ljava/util/List; L64 L19 7
    LOCALVARIABLE msg Lcom/manjugroups/m_connect/geotrack/data/PendingChatMessageEntity; L63 L19 10
    LOCALVARIABLE $this$flush_u24lambda_u240\1 Lcom/manjugroups/m_connect/ui/chat/ChatPendingQueue; L62 L19 13
    LOCALVARIABLE sent I L61 L19 8
    LOCALVARIABLE $i$a$-runCatching-ChatPendingQueue$flush$ok$1\1\83\0 I L60 L19 14
    LOCALVARIABLE dao Lcom/manjugroups/m_connect/geotrack/data/PendingChatMessageDao; L80 L20 6
    LOCALVARIABLE pending Ljava/util/List; L79 L20 7
    LOCALVARIABLE msg Lcom/manjugroups/m_connect/geotrack/data/PendingChatMessageEntity; L78 L20 10
    LOCALVARIABLE $this$flush_u24lambda_u240\1 Lcom/manjugroups/m_connect/ui/chat/ChatPendingQueue; L77 L20 13
    LOCALVARIABLE resp\1 Lcom/manjugroups/m_connect/network/SendMessageResponse; L76 L20 15
    LOCALVARIABLE sent I L75 L20 8
    LOCALVARIABLE $i$a$-runCatching-ChatPendingQueue$flush$ok$1\1\83\0 I L74 L20 14
    LOCALVARIABLE dao Lcom/manjugroups/m_connect/geotrack/data/PendingChatMessageDao; L94 L21 6
    LOCALVARIABLE pending Ljava/util/List; L93 L21 7
    LOCALVARIABLE msg Lcom/manjugroups/m_connect/geotrack/data/PendingChatMessageEntity; L92 L21 10
    LOCALVARIABLE $this$flush_u24lambda_u240\1 Lcom/manjugroups/m_connect/ui/chat/ChatPendingQueue; L91 L21 13
    LOCALVARIABLE resp\1 Lcom/manjugroups/m_connect/network/SendMessageResponse; L90 L21 15
    LOCALVARIABLE sent I L89 L21 8
    LOCALVARIABLE $i$a$-runCatching-ChatPendingQueue$flush$ok$1\1\83\0 I L88 L21 14
    LOCALVARIABLE dao Lcom/manjugroups/m_connect/geotrack/data/PendingChatMessageDao; L110 L22 6
    LOCALVARIABLE pending Ljava/util/List; L109 L22 7
    LOCALVARIABLE msg Lcom/manjugroups/m_connect/geotrack/data/PendingChatMessageEntity; L108 L22 10
    LOCALVARIABLE $this$flush_u24lambda_u240\1 Lcom/manjugroups/m_connect/ui/chat/ChatPendingQueue; L107 L115 13
    LOCALVARIABLE resp\1 Lcom/manjugroups/m_connect/network/SendMessageResponse; L106 L115 15
    LOCALVARIABLE sent I L105 L22 8
    LOCALVARIABLE $i$a$-runCatching-ChatPendingQueue$flush$ok$1\1\83\0 I L104 L115 14
    LOCALVARIABLE dao Lcom/manjugroups/m_connect/geotrack/data/PendingChatMessageDao; L133 L23 6
    LOCALVARIABLE pending Ljava/util/List; L132 L23 7
    LOCALVARIABLE msg Lcom/manjugroups/m_connect/geotrack/data/PendingChatMessageEntity; L131 L146 10
    LOCALVARIABLE e\2 Ljava/lang/Throwable; L130 L139 13
    LOCALVARIABLE sent I L129 L23 8
    LOCALVARIABLE $i$a$-getOrElse-ChatPendingQueue$flush$ok$2\2\103\0 I L128 L139 14
    MAXSTACK = 10
    MAXLOCALS = 19

File is unknown
The root cause java.lang.OutOfMemoryError was thrown at: org.jetbrains.org.objectweb.asm.tree.analysis.Frame.<init>(Frame.java:96)
	at org.jetbrains.kotlin.codegen.TransformationMethodVisitor.visitEnd(TransformationMethodVisitor.kt:89)
	at org.jetbrains.org.objectweb.asm.MethodVisitor.visitEnd(MethodVisitor.java:796)
	at org.jetbrains.kotlin.codegen.TransformationMethodVisitor.visitEnd(TransformationMethodVisitor.kt:87)
	... 45 more
Caused by: java.lang.OutOfMemoryError: GC overhead limit exceeded
	at org.jetbrains.org.objectweb.asm.tree.analysis.Frame.<init>(Frame.java:96)
	at org.jetbrains.kotlin.codegen.optimization.common.FastMethodAnalyzer._init_$lambda$0(FastMethodAnalyzer.kt:47)
	at org.jetbrains.kotlin.codegen.optimization.common.FastMethodAnalyzer$$Lambda/0x00000238019bbb50.invoke(Unknown Source)
	at org.jetbrains.kotlin.codegen.optimization.common.FastAnalyzer.fullMergeControlFlowEdge(FastAnalyzer.kt:233)
	at org.jetbrains.kotlin.codegen.optimization.common.FastAnalyzer.mergeControlFlowEdge(FastAnalyzer.kt:216)
	at org.jetbrains.kotlin.codegen.optimization.common.FastAnalyzer.processControlFlowEdge(FastAnalyzer.kt:208)
	at org.jetbrains.kotlin.codegen.optimization.common.FastAnalyzer.processControlFlowEdge$default(FastAnalyzer.kt:206)
	at org.jetbrains.kotlin.codegen.optimization.common.FastAnalyzer.visitOpInsn(FastAnalyzer.kt:292)
	at org.jetbrains.kotlin.codegen.optimization.common.FastAnalyzer.visitMeaningfulInstruction(FastAnalyzer.kt:281)
	at org.jetbrains.kotlin.codegen.optimization.common.FastAnalyzer.analyzeInstruction(FastAnalyzer.kt:113)
	at org.jetbrains.kotlin.codegen.optimization.common.FastAnalyzer.analyzeMainLoop(FastAnalyzer.kt:74)
	at org.jetbrains.kotlin.codegen.optimization.common.FastAnalyzer.analyze(FastAnalyzer.kt:53)
	at org.jetbrains.kotlin.codegen.optimization.transformer.MethodTransformer.analyze(MethodTransformer.java:49)
	at org.jetbrains.kotlin.codegen.optimization.nullCheck.RedundantNullCheckMethodTransformer$TransformerPass.analyzeNullabilities(RedundantNullCheckMethodTransformer.kt:65)
	at org.jetbrains.kotlin.codegen.optimization.nullCheck.RedundantNullCheckMethodTransformer$TransformerPass.run(RedundantNullCheckMethodTransformer.kt:55)
	at org.jetbrains.kotlin.codegen.optimization.nullCheck.RedundantNullCheckMethodTransformer.transform(RedundantNullCheckMethodTransformer.kt:43)
	at org.jetbrains.kotlin.codegen.optimization.transformer.CompositeMethodTransformer.transform(CompositeMethodTransformer.kt:25)
	at org.jetbrains.kotlin.codegen.optimization.OptimizationMethodVisitor.performTransformations(OptimizationMethodVisitor.kt:74)
	at org.jetbrains.kotlin.codegen.TransformationMethodVisitor.visitEnd(TransformationMethodVisitor.kt:67)
	at org.jetbrains.org.objectweb.asm.MethodVisitor.visitEnd(MethodVisitor.java:796)
	at org.jetbrains.kotlin.codegen.TransformationMethodVisitor.visitEnd(TransformationMethodVisitor.kt:87)
	at org.jetbrains.org.objectweb.asm.tree.MethodNode.accept(MethodNode.java:770)
	at org.jetbrains.kotlin.backend.jvm.codegen.CoroutineCodegenKt.acceptWithStateMachine(CoroutineCodegen.kt:73)
	at org.jetbrains.kotlin.backend.jvm.codegen.ClassCodegen.generateMethod(ClassCodegen.kt:456)
	at org.jetbrains.kotlin.backend.jvm.codegen.ClassCodegen.generate(ClassCodegen.kt:164)
	at org.jetbrains.kotlin.backend.jvm.JvmIrCodegenFactory.generateFile(JvmIrCodegenFactory.kt:419)
	at org.jetbrains.kotlin.backend.jvm.JvmIrCodegenFactory.invokeCodegen(JvmIrCodegenFactory.kt:388)
	at org.jetbrains.kotlin.cli.jvm.compiler.KotlinToJVMBytecodeCompiler.runCodegen$cli(KotlinToJVMBytecodeCompiler.kt:431)
	at org.jetbrains.kotlin.cli.pipeline.jvm.JvmBackendPipelinePhase.executePhase(JvmBackendPipelinePhase.kt:95)
	at org.jetbrains.kotlin.cli.pipeline.jvm.JvmBackendPipelinePhase.executePhase(JvmBackendPipelinePhase.kt:36)
	at org.jetbrains.kotlin.cli.pipeline.jvm.JvmBackendPipelinePhase.executePhase(JvmBackendPipelinePhase.kt:29)
	at org.jetbrains.kotlin.cli.pipeline.PipelinePhase.phaseBody(PipelinePhase.kt:68)


